Component: ARM Compiler 5.06 update 7 (build 960) Tool: armlink [4d3601]

==============================================================================

Section Cross References

    startup_stm32f302xc.o(STACK) refers (Special) to heapauxi.o(.text) for __use_two_region_memory
    startup_stm32f302xc.o(HEAP) refers (Special) to heapauxi.o(.text) for __use_two_region_memory
    startup_stm32f302xc.o(RESET) refers (Special) to heapauxi.o(.text) for __use_two_region_memory
    startup_stm32f302xc.o(RESET) refers to startup_stm32f302xc.o(STACK) for __initial_sp
    startup_stm32f302xc.o(RESET) refers to startup_stm32f302xc.o(.text) for Reset_Handler
    startup_stm32f302xc.o(RESET) refers to stm32f3xx_it.o(i.TIM2_IRQHandler) for TIM2_IRQHandler
    startup_stm32f302xc.o(RESET) refers to stm32f3xx_it.o(i.USART2_IRQHandler) for USART2_IRQHandler
    startup_stm32f302xc.o(.text) refers (Special) to heapauxi.o(.text) for __use_two_region_memory
    startup_stm32f302xc.o(.text) refers to system_stm32f3xx.o(i.SystemInit) for SystemInit
    startup_stm32f302xc.o(.text) refers to __main.o(!!!main) for __main
    startup_stm32f302xc.o(.text) refers to startup_stm32f302xc.o(HEAP) for Heap_Mem
    startup_stm32f302xc.o(.text) refers to startup_stm32f302xc.o(STACK) for Stack_Mem
    main.o(i.Data_Init) refers to f2d.o(x$fpl$f2d) for __aeabi_f2d
    main.o(i.Data_Init) refers to dmul_clz.o(x$fpl$dmul) for __aeabi_dmul
    main.o(i.Data_Init) refers to d2f_clz.o(x$fpl$d2f) for __aeabi_d2f
    main.o(i.Data_Init) refers to daddsub_clz.o(x$fpl$dadd) for __aeabi_dadd
    main.o(i.Data_Init) refers to stm32f3xx_it.o(.data) for u16SerialPortTypedef
    main.o(i.Data_Init) refers to main.o(.data) for f32_VDC_Set
    main.o(i.Data_Init) refers to stm32f3xx_it.o(.bss) for SOGIPLL
    main.o(i.Data_Init) refers to daddsub_clz.o(x$fpl$dsub) for __aeabi_dsub
    main.o(i.Data_Init) refers to ddiv_clz.o(x$fpl$ddiv) for __aeabi_ddiv
    main.o(i.LL_DMA_ConfigAddresses) refers to main.o(.constdata) for CHANNEL_OFFSET_TAB
    main.o(i.LL_DMA_EnableChannel) refers to main.o(.constdata) for CHANNEL_OFFSET_TAB
    main.o(i.LL_DMA_SetChannelPriorityLevel) refers to main.o(.constdata) for CHANNEL_OFFSET_TAB
    main.o(i.LL_DMA_SetDataLength) refers to main.o(.constdata) for CHANNEL_OFFSET_TAB
    main.o(i.LL_DMA_SetMemoryIncMode) refers to main.o(.constdata) for CHANNEL_OFFSET_TAB
    main.o(i.LL_DMA_SetMemorySize) refers to main.o(.constdata) for CHANNEL_OFFSET_TAB
    main.o(i.LL_DMA_SetMode) refers to main.o(.constdata) for CHANNEL_OFFSET_TAB
    main.o(i.LL_DMA_SetPeriphIncMode) refers to main.o(.constdata) for CHANNEL_OFFSET_TAB
    main.o(i.LL_DMA_SetPeriphSize) refers to main.o(.constdata) for CHANNEL_OFFSET_TAB
    main.o(i.LL_TIM_OC_DisableFast) refers to main.o(.constdata) for OFFSET_TAB_CCMRx
    main.o(i.LL_TIM_OC_EnablePreload) refers to main.o(.constdata) for OFFSET_TAB_CCMRx
    main.o(i.MX_ADC1_Init) refers to rt_memclr_w.o(.text) for __aeabi_memclr4
    main.o(i.MX_ADC1_Init) refers to main.o(i.LL_AHB1_GRP1_EnableClock) for LL_AHB1_GRP1_EnableClock
    main.o(i.MX_ADC1_Init) refers to stm32f3xx_ll_gpio.o(i.LL_GPIO_Init) for LL_GPIO_Init
    main.o(i.MX_ADC1_Init) refers to stm32f3xx_ll_adc.o(i.LL_ADC_Init) for LL_ADC_Init
    main.o(i.MX_ADC1_Init) refers to stm32f3xx_ll_adc.o(i.LL_ADC_REG_Init) for LL_ADC_REG_Init
    main.o(i.MX_ADC1_Init) refers to stm32f3xx_ll_adc.o(i.LL_ADC_CommonInit) for LL_ADC_CommonInit
    main.o(i.MX_ADC1_Init) refers to main.o(i.LL_ADC_REG_SetSequencerRanks) for LL_ADC_REG_SetSequencerRanks
    main.o(i.MX_ADC1_Init) refers to main.o(i.LL_ADC_SetChannelSamplingTime) for LL_ADC_SetChannelSamplingTime
    main.o(i.MX_ADC1_Init) refers to main.o(i.LL_ADC_SetChannelSingleDiff) for LL_ADC_SetChannelSingleDiff
    main.o(i.MX_ADC1_Init) refers to system_stm32f3xx.o(.data) for SystemCoreClock
    main.o(i.MX_COMP2_Init) refers to rt_memclr_w.o(.text) for __aeabi_memclr4
    main.o(i.MX_COMP2_Init) refers to main.o(i.LL_AHB1_GRP1_EnableClock) for LL_AHB1_GRP1_EnableClock
    main.o(i.MX_COMP2_Init) refers to stm32f3xx_ll_gpio.o(i.LL_GPIO_Init) for LL_GPIO_Init
    main.o(i.MX_COMP2_Init) refers to stm32f3xx_ll_comp.o(i.LL_COMP_Init) for LL_COMP_Init
    main.o(i.MX_DAC_Init) refers to rt_memclr_w.o(.text) for __aeabi_memclr4
    main.o(i.MX_DAC_Init) refers to main.o(i.LL_APB1_GRP1_EnableClock) for LL_APB1_GRP1_EnableClock
    main.o(i.MX_DAC_Init) refers to main.o(i.LL_AHB1_GRP1_EnableClock) for LL_AHB1_GRP1_EnableClock
    main.o(i.MX_DAC_Init) refers to stm32f3xx_ll_gpio.o(i.LL_GPIO_Init) for LL_GPIO_Init
    main.o(i.MX_DAC_Init) refers to stm32f3xx_ll_dac.o(i.LL_DAC_Init) for LL_DAC_Init
    main.o(i.MX_DMA_Init) refers to main.o(i.LL_AHB1_GRP1_EnableClock) for LL_AHB1_GRP1_EnableClock
    main.o(i.MX_DMA_Init) refers to main.o(i.__NVIC_GetPriorityGrouping) for __NVIC_GetPriorityGrouping
    main.o(i.MX_DMA_Init) refers to main.o(i.NVIC_EncodePriority) for NVIC_EncodePriority
[...]
    ..\Core\Src\main.c                       0x00000000   Number         0  main.o ABSOLUTE
    ..\Core\Src\stm32f3xx_it.c               0x00000000   Number         0  stm32f3xx_it.o ABSOLUTE
    ..\Core\Src\system_stm32f3xx.c           0x00000000   Number         0  system_stm32f3xx.o ABSOLUTE
    ..\Drivers\STM32F3xx_HAL_Driver\Src\stm32f3xx_ll_adc.c 0x00000000   Number         0  stm32f3xx_ll_adc.o ABSOLUTE
    ..\Drivers\STM32F3xx_HAL_Driver\Src\stm32f3xx_ll_comp.c 0x00000000   Number         0  stm32f3xx_ll_comp.o ABSOLUTE
    ..\Drivers\STM32F3xx_HAL_Driver\Src\stm32f3xx_ll_dac.c 0x00000000   Number         0  stm32f3xx_ll_dac.o ABSOLUTE
    ..\Drivers\STM32F3xx_HAL_Driver\Src\stm32f3xx_ll_dma.c 0x00000000   Number         0  stm32f3xx_ll_dma.o ABSOLUTE
    ..\Drivers\STM32F3xx_HAL_Driver\Src\stm32f3xx_ll_exti.c 0x00000000   Number         0  stm32f3xx_ll_exti.o ABSOLUTE
    ..\Drivers\STM32F3xx_HAL_Driver\Src\stm32f3xx_ll_gpio.c 0x00000000   Number         0  stm32f3xx_ll_gpio.o ABSOLUTE
    ..\Drivers\STM32F3xx_HAL_Driver\Src\stm32f3xx_ll_rcc.c 0x00000000   Number         0  stm32f3xx_ll_rcc.o ABSOLUTE
    ..\Drivers\STM32F3xx_HAL_Driver\Src\stm32f3xx_ll_tim.c 0x00000000   Number         0  stm32f3xx_ll_tim.o ABSOLUTE
    ..\Drivers\STM32F3xx_HAL_Driver\Src\stm32f3xx_ll_usart.c 0x00000000   Number         0  stm32f3xx_ll_usart.o ABSOLUTE
    ..\Drivers\STM32F3xx_HAL_Driver\Src\stm32f3xx_ll_utils.c 0x00000000   Number         0  stm32f3xx_ll_utils.o ABSOLUTE
    ..\\..\\Source\\CommonTables\\arm_common_tables.c 0x00000000   Number         0  arm_common_tables.o ABSOLUTE
    ..\\..\\Source\\FastMathFunctions\\arm_cos_f32.c 0x00000000   Number         0  arm_cos_f32.o ABSOLUTE
    ..\\..\\Source\\FastMathFunctions\\arm_sin_f32.c 0x00000000   Number         0  arm_sin_f32.o ABSOLUTE
    ..\\Core\\Src\\GM_adc.c                  0x00000000   Number         0  gm_adc.o ABSOLUTE
    dc.s                                     0x00000000   Number         0  dc.o ABSOLUTE
    startup_stm32f302xc.s                    0x00000000   Number         0  startup_stm32f302xc.o ABSOLUTE
    RESET                                    0x08000000   Section      392  startup_stm32f302xc.o(RESET)
    !!!main                                  0x08000188   Section        8  __main.o(!!!main)
    !!!scatter                               0x08000190   Section       52  __scatter.o(!!!scatter)
    !!handler_copy                           0x080001c4   Section       26  __scatter_copy.o(!!handler_copy)
    !!handler_zi                             0x080001e0   Section       28  __scatter_zi.o(!!handler_zi)
    .ARM.Collect$$libinit$$00000000          0x080001fc   Section        2  libinit.o(.ARM.Collect$$libinit$$00000000)
    .ARM.Collect$$libinit$$00000001          0x080001fe   Section        4  libinit2.o(.ARM.Collect$$libinit$$00000001)
    .ARM.Collect$$libinit$$00000004          0x08000202   Section        0  libinit2.o(.ARM.Collect$$libinit$$00000004)
    .ARM.Collect$$libinit$$0000000A          0x08000202   Section        0  libinit2.o(.ARM.Collect$$libinit$$0000000A)
    .ARM.Collect$$libinit$$0000000C          0x08000202   Section        0  libinit2.o(.ARM.Collect$$libinit$$0000000C)
    .ARM.Collect$$libinit$$0000000E          0x08000202   Section        0  libinit2.o(.ARM.Collect$$libinit$$0000000E)
    .ARM.Collect$$libinit$$00000011          0x08000202   Section        0  libinit2.o(.ARM.Collect$$libinit$$00000011)
    .ARM.Collect$$libinit$$00000013          0x08000202   Section        0  libinit2.o(.ARM.Collect$$libinit$$00000013)
    .ARM.Collect$$libinit$$00000015          0x08000202   Section        0  libinit2.o(.ARM.Collect$$libinit$$00000015)
    .ARM.Collect$$libinit$$00000017          0x08000202   Section        0  libinit2.o(.ARM.Collect$$libinit$$00000017)
    .ARM.Collect$$libinit$$00000019          0x08000202   Section        0  libinit2.o(.ARM.Collect$$libinit$$00000019)
    .ARM.Collect$$libinit$$0000001B          0x08000202   Section        0  libinit2.o(.ARM.Collect$$libinit$$0000001B)
    .ARM.Collect$$libinit$$0000001D          0x08000202   Section        0  libinit2.o(.ARM.Collect$$libinit$$0000001D)
    .ARM.Collect$$libinit$$0000001F          0x08000202   Section        0  libinit2.o(.ARM.Collect$$libinit$$0000001F)
    .ARM.Collect$$libinit$$00000021          0x08000202   Section        0  libinit2.o(.ARM.Collect$$libinit$$00000021)
    .ARM.Collect$$libinit$$00000023          0x08000202   Section        0  libinit2.o(.ARM.Collect$$libinit$$00000023)
    .ARM.Collect$$libinit$$00000025          0x08000202   Section        0  libinit2.o(.ARM.Collect$$libinit$$00000025)
    .ARM.Collect$$libinit$$0000002C          0x08000202   Section        0  libinit2.o(.ARM.Collect$$libinit$$0000002C)
    .ARM.Collect$$libinit$$0000002E          0x08000202   Section        0  libinit2.o(.ARM.Collect$$libinit$$0000002E)
    .ARM.Collect$$libinit$$00000030          0x08000202   Section        0  libinit2.o(.ARM.Collect$$libinit$$00000030)
    .ARM.Collect$$libinit$$00000032          0x08000202   Section        0  libinit2.o(.ARM.Collect$$libinit$$00000032)
    .ARM.Collect$$libinit$$00000033          0x08000202   Section        2  libinit2.o(.ARM.Collect$$libinit$$00000033)
    .ARM.Collect$$libshutdown$$00000000      0x08000204   Section        2  libshutdown.o(.ARM.Collect$$libshutdown$$00000000)
    .ARM.Collect$$libshutdown$$00000002      0x08000206   Section        0  libshutdown2.o(.ARM.Collect$$libshutdown$$00000002)
    .ARM.Collect$$libshutdown$$00000004      0x08000206   Section        0  libshutdown2.o(.ARM.Collect$$libshutdown$$00000004)
    .ARM.Collect$$libshutdown$$00000006      0x08000206   Section        0  libshutdown2.o(.ARM.Collect$$libshutdown$$00000006)
    .ARM.Collect$$libshutdown$$00000009      0x08000206   Section        0  libshutdown2.o(.ARM.Collect$$libshutdown$$00000009)
    .ARM.Collect$$libshutdown$$0000000C      0x08000206   Section        0  libshutdown2.o(.ARM.Collect$$libshutdown$$0000000C)
    .ARM.Collect$$libshutdown$$0000000E      0x08000206   Section        0  libshutdown2.o(.ARM.Collect$$libshutdown$$0000000E)
    .ARM.Collect$$libshutdown$$00000011      0x08000206   Section        0  libshutdown2.o(.ARM.Collect$$libshutdown$$00000011)
    .ARM.Collect$$libshutdown$$00000012      0x08000206   Section        2  libshutdown2.o(.ARM.Collect$$libshutdown$$00000012)
    .ARM.Collect$$rtentry$$00000000          0x08000208   Section        0  __rtentry.o(.ARM.Collect$$rtentry$$00000000)
    .ARM.Collect$$rtentry$$00000002          0x08000208   Section        0  __rtentry2.o(.ARM.Collect$$rtentry$$00000002)
    .ARM.Collect$$rtentry$$00000004          0x08000208   Section        6  __rtentry4.o(.ARM.Collect$$rtentry$$00000004)
    .ARM.Collect$$rtentry$$00000009          0x0800020e   Section        0  __rtentry2.o(.ARM.Collect$$rtentry$$00000009)
    .ARM.Collect$$rtentry$$0000000A          0x0800020e   Section        4  __rtentry2.o(.ARM.Collect$$rtentry$$0000000A)
    .ARM.Collect$$rtentry$$0000000C          0x08000212   Section        0  __rtentry2.o(.ARM.Collect$$rtentry$$0000000C)
    .ARM.Collect$$rtentry$$0000000D          0x08000212   Section        8  __rtentry2.o(.ARM.Collect$$rtentry$$0000000D)
    .ARM.Collect$$rtexit$$00000000           0x0800021a   Section        2  rtexit.o(.ARM.Collect$$rtexit$$00000000)
    .ARM.Collect$$rtexit$$00000002           0x0800021c   Section        0  rtexit2.o(.ARM.Collect$$rtexit$$00000002)
    .ARM.Collect$$rtexit$$00000003           0x0800021c   Section        4  rtexit2.o(.ARM.Collect$$rtexit$$00000003)
    .ARM.Collect$$rtexit$$00000004           0x08000220   Section        6  rtexit2.o(.ARM.Collect$$rtexit$$00000004)
    .text                                    0x08000228   Section       64  startup_stm32f302xc.o(.text)
    $v0                                      0x08000228   Number         0  startup_stm32f302xc.o(.text)
    .text                                    0x08000268   Section        0  arm_cos_f32.o(.text)
    .text                                    0x080002e0   Section        0  arm_sin_f32.o(.text)
    .text                                    0x08000374   Section       78  rt_memclr_w.o(.text)
    .text                                    0x080003c2   Section        0  heapauxi.o(.text)
    .text                                    0x080003c8   Section        0  _rserrno.o(.text)
    .text                                    0x080003e0   Section        8  rt_errno_addr_intlibspace.o(.text)
    .text                                    0x080003e8   Section        0  _fptrap.o(.text)
    .text                                    0x08000418   Section        8  libspace.o(.text)
    .text                                    0x08000420   Section       74  sys_stackheap_outer.o(.text)
    .text                                    0x0800046a   Section        0  exit.o(.text)
    .text                                    0x0800047c   Section        0  defsig_fpe_outer.o(.text)
    .text                                    0x0800048a   Section        0  defsig_exit.o(.text)
    .text                                    0x08000494   Section        0  defsig_fpe_inner.o(.text)
    .text                                    0x08000540   Section        0  sys_exit.o(.text)
    .text                                    0x0800054c   Section        0  defsig_general.o(.text)
    .text                                    0x0800057e   Section        0  sys_wrch.o(.text)
    .text                                    0x0800058c   Section        2  use_no_semi.o(.text)
    .text                                    0x0800058e   Section        0  indicate_semi.o(.text)
    i.Data_Init                              0x08000590   Section        0  main.o(i.Data_Init)
    Data_Init                                0x08000591   Thumb Code  5256  main.o(i.Data_Init)
    i.LL_ADC_CommonInit                      0x08001ab4   Section        0  stm32f3xx_ll_adc.o(i.LL_ADC_CommonInit)
    i.LL_ADC_Init                            0x08001b14   Section        0  stm32f3xx_ll_adc.o(i.LL_ADC_Init)
    i.LL_ADC_IsEnabled                       0x08001b42   Section        0  stm32f3xx_ll_adc.o(i.LL_ADC_IsEnabled)
    LL_ADC_IsEnabled                         0x08001b43   Thumb Code    10  stm32f3xx_ll_adc.o(i.LL_ADC_IsEnabled)
    i.LL_ADC_REG_Init                        0x08001b4c   Section        0  stm32f3xx_ll_adc.o(i.LL_ADC_REG_Init)
    i.LL_ADC_REG_SetSequencerRanks           0x08001bb8   Section        0  main.o(i.LL_ADC_REG_SetSequencerRanks)
    LL_ADC_REG_SetSequencerRanks             0x08001bb9   Thumb Code    56  main.o(i.LL_ADC_REG_SetSequencerRanks)
    i.LL_ADC_SetChannelSamplingTime          0x08001bf0   Section        0  main.o(i.LL_ADC_SetChannelSamplingTime)
    LL_ADC_SetChannelSamplingTime            0x08001bf1   Thumb Code    82  main.o(i.LL_ADC_SetChannelSamplingTime)
    i.LL_ADC_SetChannelSingleDiff            0x08001c44   Section        0  main.o(i.LL_ADC_SetChannelSingleDiff)
    LL_ADC_SetChannelSingleDiff              0x08001c45   Thumb Code    34  main.o(i.LL_ADC_SetChannelSingleDiff)
    i.LL_AHB1_GRP1_EnableClock               0x08001c6c   Section        0  main.o(i.LL_AHB1_GRP1_EnableClock)
    LL_AHB1_GRP1_EnableClock                 0x08001c6d   Thumb Code    24  main.o(i.LL_AHB1_GRP1_EnableClock)
    i.LL_APB1_GRP1_EnableClock               0x08001c88   Section        0  main.o(i.LL_APB1_GRP1_EnableClock)
    LL_APB1_GRP1_EnableClock                 0x08001c89   Thumb Code    24  main.o(i.LL_APB1_GRP1_EnableClock)
    i.LL_APB2_GRP1_EnableClock               0x08001ca4   Section        0  main.o(i.LL_APB2_GRP1_EnableClock)
    LL_APB2_GRP1_EnableClock                 0x08001ca5   Thumb Code    24  main.o(i.LL_APB2_GRP1_EnableClock)
    i.LL_COMP_Init                           0x08001cc0   Section        0  stm32f3xx_ll_comp.o(i.LL_COMP_Init)
    i.LL_DAC_Init                            0x08001cfc   Section        0  stm32f3xx_ll_dac.o(i.LL_DAC_Init)
    i.LL_DMA_ConfigAddresses                 0x08001d7c   Section        0  main.o(i.LL_DMA_ConfigAddresses)
    LL_DMA_ConfigAddresses                   0x08001d7d   Thumb Code    48  main.o(i.LL_DMA_ConfigAddresses)
    i.LL_DMA_EnableChannel                   0x08001db0   Section        0  main.o(i.LL_DMA_EnableChannel)
    LL_DMA_EnableChannel                     0x08001db1   Thumb Code    24  main.o(i.LL_DMA_EnableChannel)
    i.LL_DMA_SetChannelPriorityLevel         0x08001dcc   Section        0  main.o(i.LL_DMA_SetChannelPriorityLevel)
    LL_DMA_SetChannelPriorityLevel           0x08001dcd   Thumb Code    26  main.o(i.LL_DMA_SetChannelPriorityLevel)
    i.LL_DMA_SetDataLength                   0x08001dec   Section        0  main.o(i.LL_DMA_SetDataLength)
    LL_DMA_SetDataLength                     0x08001ded   Thumb Code    30  main.o(i.LL_DMA_SetDataLength)
    i.LL_DMA_SetMemoryIncMode                0x08001e10   Section        0  main.o(i.LL_DMA_SetMemoryIncMode)
    LL_DMA_SetMemoryIncMode                  0x08001e11   Thumb Code    26  main.o(i.LL_DMA_SetMemoryIncMode)
    i.LL_DMA_SetMemorySize                   0x08001e30   Section        0  main.o(i.LL_DMA_SetMemorySize)
    LL_DMA_SetMemorySize                     0x08001e31   Thumb Code    26  main.o(i.LL_DMA_SetMemorySize)
    i.LL_DMA_SetMode                         0x08001e50   Section        0  main.o(i.LL_DMA_SetMode)
    LL_DMA_SetMode                           0x08001e51   Thumb Code    26  main.o(i.LL_DMA_SetMode)
    i.LL_DMA_SetPeriphIncMode                0x08001e70   Section        0  main.o(i.LL_DMA_SetPeriphIncMode)
    LL_DMA_SetPeriphIncMode                  0x08001e71   Thumb Code    26  main.o(i.LL_DMA_SetPeriphIncMode)
    i.LL_DMA_SetPeriphSize                   0x08001e90   Section        0  main.o(i.LL_DMA_SetPeriphSize)
    LL_DMA_SetPeriphSize                     0x08001e91   Thumb Code    26  main.o(i.LL_DMA_SetPeriphSize)
    i.LL_GPIO_Init                           0x08001eb0   Section        0  stm32f3xx_ll_gpio.o(i.LL_GPIO_Init)
    i.LL_GPIO_IsInputPinSet                  0x08001fe6   Section        0  stm32f3xx_it.o(i.LL_GPIO_IsInputPinSet)
    LL_GPIO_IsInputPinSet                    0x08001fe7   Thumb Code    18  stm32f3xx_it.o(i.LL_GPIO_IsInputPinSet)
    i.LL_GPIO_ResetOutputPin                 0x08001ff8   Section        0  main.o(i.LL_GPIO_ResetOutputPin)
    LL_GPIO_ResetOutputPin                   0x08001ff9   Thumb Code     4  main.o(i.LL_GPIO_ResetOutputPin)
    i.LL_Init1msTick                         0x08001ffc   Section        0  stm32f3xx_ll_utils.o(i.LL_Init1msTick)
    i.LL_RCC_GetUARTClockFreq                0x08002018   Section        0  stm32f3xx_ll_rcc.o(i.LL_RCC_GetUARTClockFreq)
    i.LL_RCC_GetUARTClockSource              0x080020ec   Section        0  stm32f3xx_ll_rcc.o(i.LL_RCC_GetUARTClockSource)
    LL_RCC_GetUARTClockSource                0x080020ed   Thumb Code    14  stm32f3xx_ll_rcc.o(i.LL_RCC_GetUARTClockSource)
    i.LL_RCC_GetUSARTClockFreq               0x08002100   Section        0  stm32f3xx_ll_rcc.o(i.LL_RCC_GetUSARTClockFreq)
    i.LL_RCC_GetUSARTClockSource             0x0800221c   Section        0  stm32f3xx_ll_rcc.o(i.LL_RCC_GetUSARTClockSource)
    LL_RCC_GetUSARTClockSource               0x0800221d   Thumb Code    18  stm32f3xx_ll_rcc.o(i.LL_RCC_GetUSARTClockSource)
    i.LL_RCC_HSI_IsReady                     0x08002234   Section        0  stm32f3xx_ll_rcc.o(i.LL_RCC_HSI_IsReady)
    LL_RCC_HSI_IsReady                       0x08002235   Thumb Code    10  stm32f3xx_ll_rcc.o(i.LL_RCC_HSI_IsReady)
    i.LL_RCC_LSE_IsReady                     0x08002244   Section        0  stm32f3xx_ll_rcc.o(i.LL_RCC_LSE_IsReady)
    LL_RCC_LSE_IsReady                       0x08002245   Thumb Code    10  stm32f3xx_ll_rcc.o(i.LL_RCC_LSE_IsReady)
    i.LL_SetSystemCoreClock                  0x08002254   Section        0  stm32f3xx_ll_utils.o(i.LL_SetSystemCoreClock)
    i.LL_TIM_BDTR_Init                       0x08002260   Section        0  stm32f3xx_ll_tim.o(i.LL_TIM_BDTR_Init)
    i.LL_TIM_CC_EnableChannel                0x080022ec   Section        0  main.o(i.LL_TIM_CC_EnableChannel)
    LL_TIM_CC_EnableChannel                  0x080022ed   Thumb Code     8  main.o(i.LL_TIM_CC_EnableChannel)
    i.LL_TIM_EnableARRPreload                0x080022f4   Section        0  main.o(i.LL_TIM_EnableARRPreload)
    LL_TIM_EnableARRPreload                  0x080022f5   Thumb Code    10  main.o(i.LL_TIM_EnableARRPreload)
    i.LL_TIM_EnableCounter                   0x080022fe   Section        0  main.o(i.LL_TIM_EnableCounter)
    LL_TIM_EnableCounter                     0x080022ff   Thumb Code    10  main.o(i.LL_TIM_EnableCounter)
    i.LL_TIM_EnableIT_UPDATE                 0x08002308   Section        0  main.o(i.LL_TIM_EnableIT_UPDATE)
    LL_TIM_EnableIT_UPDATE                   0x08002309   Thumb Code    10  main.o(i.LL_TIM_EnableIT_UPDATE)
    i.LL_TIM_Init                            0x08002314   Section        0  stm32f3xx_ll_tim.o(i.LL_TIM_Init)
    i.LL_TIM_OC_DisableFast                  0x080023c8   Section        0  main.o(i.LL_TIM_OC_DisableFast)
    LL_TIM_OC_DisableFast                    0x080023c9   Thumb Code   106  main.o(i.LL_TIM_OC_DisableFast)
    i.LL_TIM_OC_EnablePreload                0x0800243c   Section        0  main.o(i.LL_TIM_OC_EnablePreload)
    LL_TIM_OC_EnablePreload                  0x0800243d   Thumb Code   106  main.o(i.LL_TIM_OC_EnablePreload)
    i.LL_TIM_OC_Init                         0x080024b0   Section        0  stm32f3xx_ll_tim.o(i.LL_TIM_OC_Init)
    i.LL_TIM_OC_SetCompareCH2                0x08002534   Section        0  stm32f3xx_it.o(i.LL_TIM_OC_SetCompareCH2)
    LL_TIM_OC_SetCompareCH2                  0x08002535   Thumb Code     4  stm32f3xx_it.o(i.LL_TIM_OC_SetCompareCH2)
    i.LL_TIM_OC_SetCompareCH2                0x08002538   Section        0  stm32f3xx_ll_tim.o(i.LL_TIM_OC_SetCompareCH2)
    LL_TIM_OC_SetCompareCH2                  0x08002539   Thumb Code     4  stm32f3xx_ll_tim.o(i.LL_TIM_OC_SetCompareCH2)
    i.LL_TIM_OC_SetCompareCH3                0x0800253c   Section        0  stm32f3xx_it.o(i.LL_TIM_OC_SetCompareCH3)
    LL_TIM_OC_SetCompareCH3                  0x0800253d   Thumb Code     4  stm32f3xx_it.o(i.LL_TIM_OC_SetCompareCH3)
    i.LL_TIM_SetClockSource                  0x08002540   Section        0  main.o(i.LL_TIM_SetClockSource)
    LL_TIM_SetClockSource                    0x08002541   Thumb Code    12  main.o(i.LL_TIM_SetClockSource)
    i.LL_USART_Init                          0x08002550   Section        0  stm32f3xx_ll_usart.o(i.LL_USART_Init)
    i.LL_USART_IsEnabled                     0x08002658   Section        0  stm32f3xx_ll_usart.o(i.LL_USART_IsEnabled)
    LL_USART_IsEnabled                       0x08002659   Thumb Code    10  stm32f3xx_ll_usart.o(i.LL_USART_IsEnabled)
    i.MX_ADC1_Init                           0x08002664   Section        0  main.o(i.MX_ADC1_Init)
    MX_ADC1_Init                             0x08002665   Thumb Code   654  main.o(i.MX_ADC1_Init)
    i.MX_COMP2_Init                          0x0800292c   Section        0  main.o(i.MX_COMP2_Init)
    MX_COMP2_Init                            0x0800292d   Thumb Code   108  main.o(i.MX_COMP2_Init)
    i.MX_DAC_Init                            0x0800299c   Section        0  main.o(i.MX_DAC_Init)
    MX_DAC_Init                              0x0800299d   Thumb Code   106  main.o(i.MX_DAC_Init)
    i.MX_DMA_Init                            0x08002a10   Section        0  main.o(i.MX_DMA_Init)
    MX_DMA_Init                              0x08002a11   Thumb Code   328  main.o(i.MX_DMA_Init)
    i.MX_GPIO_Init                           0x08002b70   Section        0  main.o(i.MX_GPIO_Init)
    MX_GPIO_Init                             0x08002b71   Thumb Code   170  main.o(i.MX_GPIO_Init)
    i.MX_TIM1_Init                           0x08002c20   Section        0  main.o(i.MX_TIM1_Init)
    MX_TIM1_Init                             0x08002c21   Thumb Code   490  main.o(i.MX_TIM1_Init)
    i.MX_TIM2_Init                           0x08002e18   Section        0  main.o(i.MX_TIM2_Init)
    MX_TIM2_Init                             0x08002e19   Thumb Code   160  main.o(i.MX_TIM2_Init)
    i.MX_USART2_UART_Init                    0x08002eb8   Section        0  main.o(i.MX_USART2_UART_Init)
    MX_USART2_UART_Init                      0x08002eb9   Thumb Code   190  main.o(i.MX_USART2_UART_Init)
    i.NVIC_EncodePriority                    0x08002f7c   Section        0  main.o(i.NVIC_EncodePriority)
    NVIC_EncodePriority                      0x08002f7d   Thumb Code    64  main.o(i.NVIC_EncodePriority)
    i.OC1Config                              0x08002fbc   Section        0  stm32f3xx_ll_tim.o(i.OC1Config)
    OC1Config                                0x08002fbd   Thumb Code   134  stm32f3xx_ll_tim.o(i.OC1Config)
    i.OC2Config                              0x08003058   Section        0  stm32f3xx_ll_tim.o(i.OC2Config)
    OC2Config                                0x08003059   Thumb Code   144  stm32f3xx_ll_tim.o(i.OC2Config)
    i.OC3Config                              0x080030fc   Section        0  stm32f3xx_ll_tim.o(i.OC3Config)
    OC3Config                                0x080030fd   Thumb Code   134  stm32f3xx_ll_tim.o(i.OC3Config)
    i.OC4Config                              0x08003198   Section        0  stm32f3xx_ll_tim.o(i.OC4Config)
    OC4Config                                0x08003199   Thumb Code   102  stm32f3xx_ll_tim.o(i.OC4Config)
    i.OC5Config                              0x08003214   Section        0  stm32f3xx_ll_tim.o(i.OC5Config)
    OC5Config                                0x08003215   Thumb Code   102  stm32f3xx_ll_tim.o(i.OC5Config)
    i.OC6Config                              0x08003290   Section        0  stm32f3xx_ll_tim.o(i.OC6Config)
    OC6Config                                0x08003291   Thumb Code    98  stm32f3xx_ll_tim.o(i.OC6Config)
    i.RCC_GetHCLKClockFreq                   0x08003308   Section        0  stm32f3xx_ll_rcc.o(i.RCC_GetHCLKClockFreq)
    i.RCC_GetPCLK1ClockFreq                  0x08003328   Section        0  stm32f3xx_ll_rcc.o(i.RCC_GetPCLK1ClockFreq)
    i.RCC_GetPCLK2ClockFreq                  0x0800334c   Section        0  stm32f3xx_ll_rcc.o(i.RCC_GetPCLK2ClockFreq)
    i.RCC_GetSystemClockFreq                 0x08003370   Section        0  stm32f3xx_ll_rcc.o(i.RCC_GetSystemClockFreq)
    i.RCC_PLL_GetFreqDomain_SYS              0x080033ac   Section        0  stm32f3xx_ll_rcc.o(i.RCC_PLL_GetFreqDomain_SYS)
    i.SystemClock_Config                     0x08003414   Section        0  main.o(i.SystemClock_Config)
    i.SystemInit                             0x08003560   Section        0  system_stm32f3xx.o(i.SystemInit)
    i.TIM2_IRQHandler                        0x08003574   Section        0  stm32f3xx_it.o(i.TIM2_IRQHandler)
    i.USART2_IRQHandler                      0x080055bc   Section        0  stm32f3xx_it.o(i.USART2_IRQHandler)
    i.__NVIC_EnableIRQ                       0x080055cc   Section        0  main.o(i.__NVIC_EnableIRQ)
    __NVIC_EnableIRQ                         0x080055cd   Thumb Code    26  main.o(i.__NVIC_EnableIRQ)
    i.__NVIC_GetPriorityGrouping             0x080055e8   Section        0  main.o(i.__NVIC_GetPriorityGrouping)
    __NVIC_GetPriorityGrouping               0x080055e9   Thumb Code    10  main.o(i.__NVIC_GetPriorityGrouping)
    i.__NVIC_SetPriority                     0x080055f8   Section        0  main.o(i.__NVIC_SetPriority)
    __NVIC_SetPriority                       0x080055f9   Thumb Code    32  main.o(i.__NVIC_SetPriority)
    i.__hardfp_sqrtf                         0x08005620   Section        0  sqrtf_full.o(i.__hardfp_sqrtf)
    i.main                                   0x0800565c   Section        0  main.o(i.main)
    x$fpl$basic                              0x080056e4   Section       24  basic.o(x$fpl$basic)
    $v0                                      0x080056e4   Number         0  basic.o(x$fpl$basic)
    x$fpl$d2f                                0x080056fc   Section      708  d2f_clz.o(x$fpl$d2f)
    $v0                                      0x080056fc   Number         0  d2f_clz.o(x$fpl$d2f)
    x$fpl$dadd                               0x080059c0   Section      588  daddsub_clz.o(x$fpl$dadd)
    $v0                                      0x080059c0   Number         0  daddsub_clz.o(x$fpl$dadd)
    _dadd1                                   0x080059eb   Thumb Code     0  daddsub_clz.o(x$fpl$dadd)
    dadd_zerodenorm                          0x08005b8b   Thumb Code     0  daddsub_clz.o(x$fpl$dadd)
    x$fpl$dcmpinf                            0x08005c0c   Section       24  dcmpi.o(x$fpl$dcmpinf)
    $v0                                      0x08005c0c   Number         0  dcmpi.o(x$fpl$dcmpinf)
    x$fpl$ddiv                               0x08005c24   Section      892  ddiv_clz.o(x$fpl$ddiv)
    $v0                                      0x08005c24   Number         0  ddiv_clz.o(x$fpl$ddiv)
    ddiv_entry                               0x08005c2b   Thumb Code     0  ddiv_clz.o(x$fpl$ddiv)
    x$fpl$dfltn                              0x08005fa0   Section       26  dflt_clz.o(x$fpl$dfltn)
    $v0                                      0x08005fa0   Number         0  dflt_clz.o(x$fpl$dfltn)
    x$fpl$dfltu                              0x08005fba   Section       38  dflt_clz.o(x$fpl$dfltu)
    $v0                                      0x08005fba   Number         0  dflt_clz.o(x$fpl$dfltu)
    x$fpl$dleqf                              0x08005fe0   Section      120  dleqf.o(x$fpl$dleqf)
    $v0                                      0x08005fe0   Number         0  dleqf.o(x$fpl$dleqf)
    x$fpl$dmul                               0x08006058   Section      448  dmul_clz.o(x$fpl$dmul)
    $v0                                      0x08006058   Number         0  dmul_clz.o(x$fpl$dmul)
    x$fpl$dnaninf                            0x08006218   Section      258  dnaninf.o(x$fpl$dnaninf)
    $v0                                      0x08006218   Number         0  dnaninf.o(x$fpl$dnaninf)
    x$fpl$drenorm                            0x0800631a   Section      112  drenorm_clz.o(x$fpl$drenorm)
    $v0                                      0x0800631a   Number         0  drenorm_clz.o(x$fpl$drenorm)
    x$fpl$dretinf                            0x0800638a   Section       12  dretinf.o(x$fpl$dretinf)
    $v0                                      0x0800638a   Number         0  dretinf.o(x$fpl$dretinf)
    x$fpl$drleqf                             0x08006396   Section       98  drleqf.o(x$fpl$drleqf)
    $v0                                      0x08006396   Number         0  drleqf.o(x$fpl$drleqf)
    x$fpl$dsub                               0x080063f8   Section      668  daddsub_clz.o(x$fpl$dsub)
    $v0                                      0x080063f8   Number         0  daddsub_clz.o(x$fpl$dsub)
    _dsub1                                   0x08006423   Thumb Code     0  daddsub_clz.o(x$fpl$dsub)
    daddsub_denorm                           0x080065e7   Thumb Code     0  daddsub_clz.o(x$fpl$dsub)
    dsub_uncommon_first                      0x080065fb   Thumb Code     0  daddsub_clz.o(x$fpl$dsub)
    dsub_zerodenorm                          0x08006619   Thumb Code     0  daddsub_clz.o(x$fpl$dsub)
    x$fpl$dunder                             0x08006694   Section      378  dunder_clz.o(x$fpl$dunder)
    $v0                                      0x08006694   Number         0  dunder_clz.o(x$fpl$dunder)
    x$fpl$exception                          0x08006810   Section      492  except.o(x$fpl$exception)
    $v0                                      0x08006810   Number         0  except.o(x$fpl$exception)
    x$fpl$f2d                                0x080069fc   Section      122  f2d.o(x$fpl$f2d)
    $v0                                      0x080069fc   Number         0  f2d.o(x$fpl$f2d)
    x$fpl$fnaninf                            0x08006a76   Section      242  fnaninf.o(x$fpl$fnaninf)
    $v0                                      0x08006a76   Number         0  fnaninf.o(x$fpl$fnaninf)
    x$fpl$fpinit                             0x08006b68   Section       10  fpinit.o(x$fpl$fpinit)
    $v0                                      0x08006b68   Number         0  fpinit.o(x$fpl$fpinit)
    x$fpl$fretinf                            0x08006b72   Section       10  fretinf.o(x$fpl$fretinf)
    $v0                                      0x08006b72   Number         0  fretinf.o(x$fpl$fretinf)
    x$fpl$funder                             0x08006b7c   Section      316  funder_clz.o(x$fpl$funder)
    $v0                                      0x08006b7c   Number         0  funder_clz.o(x$fpl$funder)
    x$fpl$retnan                             0x08006cb8   Section      178  retnan.o(x$fpl$retnan)
    $v0                                      0x08006cb8   Number         0  retnan.o(x$fpl$retnan)
    x$fpl$trapveneer                         0x08006d6a   Section      126  trapv.o(x$fpl$trapveneer)
    $v0                                      0x08006d6a   Number         0  trapv.o(x$fpl$trapveneer)
    .constdata                               0x08006de8   Section       52  main.o(.constdata)
    x$fpl$usenofp                            0x08006de8   Section        0  usenofp.o(x$fpl$usenofp)
    CHANNEL_OFFSET_TAB                       0x08006de8   Data           7  main.o(.constdata)
    OFFSET_TAB_CCMRx                         0x08006def   Data           9  main.o(.constdata)
    SHIFT_TAB_OCxx                           0x08006df8   Data           9  main.o(.constdata)
    SHIFT_TAB_ICxx                           0x08006e01   Data           9  main.o(.constdata)
    SHIFT_TAB_CCxP                           0x08006e0a   Data           9  main.o(.constdata)
    SHIFT_TAB_OISx                           0x08006e13   Data           9  main.o(.constdata)
    .constdata                               0x08006e1c   Section       24  system_stm32f3xx.o(.constdata)
    .constdata                               0x08006e34   Section     2052  arm_common_tables.o(.constdata)
    .data                                    0x20000000   Section      132  main.o(.data)
    .data                                    0x20000088   Section      120  stm32f3xx_it.o(.data)
    .data                                    0x20000100   Section        4  system_stm32f3xx.o(.data)
    .bss                                     0x20000104   Section      210  main.o(.bss)
    .bss                                     0x200001d8   Section      712  stm32f3xx_it.o(.bss)
    .bss                                     0x200004a0   Section       96  libspace.o(.bss)
    HEAP                                     0x20000500   Section      512  startup_stm32f302xc.o(HEAP)
    Heap_Mem                                 0x20000500   Data         512  startup_stm32f302xc.o(HEAP)
    STACK                                    0x20000700   Section     1024  startup_stm32f302xc.o(STACK)
    Stack_Mem                                0x20000700   Data        1024  startup_stm32f302xc.o(STACK)
    __initial_sp                             0x20000b00   Data           0  startup_stm32f302xc.o(STACK)

    Global Symbols

    Symbol Name                              Value     Ov Type        Size  Object(Section)

    BuildAttributes$$THM_ISAv4$E$P$D$K$B$S$7EM$VFPi3$EXTD16$VFPS$VFMA$PE$A:L22UL41UL21$X:L11$S22US41US21$IEEE1$IW$USESV6$~STKCKD$USESV7$~SHL$OTIME$ROPI$IEEEX$EBA8$UX$STANDARDLIB$REQ8$PRES8$EABIv2 0x00000000   Number         0  anon$$obj.o ABSOLUTE
    __ARM_use_no_argv                        0x00000000   Number         0  main.o ABSOLUTE
    __ARM_exceptions_init                     - Undefined Weak Reference
    __alloca_initialize                       - Undefined Weak Reference
    __arm_fini_                               - Undefined Weak Reference
    __arm_preinit_                            - Undefined Weak Reference
    __cpp_initialize__aeabi_                  - Undefined Weak Reference
    __cxa_finalize                            - Undefined Weak Reference
    __rt_locale                               - Undefined Weak Reference
    __sigvec_lookup                           - Undefined Weak Reference
    _atexit_init                              - Undefined Weak Reference
    _call_atexit_fns                          - Undefined Weak Reference
    _clock_init                               - Undefined Weak Reference
    _fp_trap_big                              - Undefined Weak Reference
    _fp_trap_init                             - Undefined Weak Reference
    _fp_trap_shutdown                         - Undefined Weak Reference
    _get_lc_collate                           - Undefined Weak Reference
    _get_lc_ctype                             - Undefined Weak Reference
    _get_lc_monetary                          - Undefined Weak Reference
    _get_lc_numeric                           - Undefined Weak Reference
    _get_lc_time                              - Undefined Weak Reference
    _getenv_init                              - Undefined Weak Reference
    _handle_redirection                       - Undefined Weak Reference
    _init_alloc                               - Undefined Weak Reference
    _init_user_alloc                          - Undefined Weak Reference
    _initio                                   - Undefined Weak Reference
    _rand_init                                - Undefined Weak Reference
    _signal_finish                            - Undefined Weak Reference
    _signal_init                              - Undefined Weak Reference
    _terminate_alloc                          - Undefined Weak Reference
    _terminate_user_alloc                     - Undefined Weak Reference
    _terminateio                              - Undefined Weak Reference
    __Vectors_Size                           0x00000188   Number         0  startup_stm32f302xc.o ABSOLUTE
    __Vectors                                0x08000000   Data           4  startup_stm32f302xc.o(RESET)
    __Vectors_End                            0x08000188   Data           0  startup_stm32f302xc.o(RESET)
    __main                                   0x08000189   Thumb Code     8  __main.o(!!!main)
    __scatterload                            0x08000191   Thumb Code     0  __scatter.o(!!!scatter)
    __scatterload_rt2                        0x08000191   Thumb Code    44  __scatter.o(!!!scatter)
    __scatterload_rt2_thumb_only             0x08000191   Thumb Code     0  __scatter.o(!!!scatter)
    __scatterload_null                       0x0800019f   Thumb Code     0  __scatter.o(!!!scatter)
    __scatterload_copy                       0x080001c5   Thumb Code    26  __scatter_copy.o(!!handler_copy)
    __scatterload_zeroinit                   0x080001e1   Thumb Code    28  __scatter_zi.o(!!handler_zi)
    __rt_lib_init                            0x080001fd   Thumb Code     0  libinit.o(.ARM.Collect$$libinit$$00000000)
    __rt_lib_init_fp_1                       0x080001ff   Thumb Code     0  libinit2.o(.ARM.Collect$$libinit$$00000001)
    __rt_lib_init_alloca_1                   0x08000203   Thumb Code     0  libinit2.o(.ARM.Collect$$libinit$$0000002E)
    __rt_lib_init_argv_1                     0x08000203   Thumb Code     0  libinit2.o(.ARM.Collect$$libinit$$0000002C)
    __rt_lib_init_atexit_1                   0x08000203   Thumb Code     0  libinit2.o(.ARM.Collect$$libinit$$0000001B)
    __rt_lib_init_clock_1                    0x08000203   Thumb Code     0  libinit2.o(.ARM.Collect$$libinit$$00000021)
    __rt_lib_init_cpp_1                      0x08000203   Thumb Code     0  libinit2.o(.ARM.Collect$$libinit$$00000032)
    __rt_lib_init_exceptions_1               0x08000203   Thumb Code     0  libinit2.o(.ARM.Collect$$libinit$$00000030)
    __rt_lib_init_fp_trap_1                  0x08000203   Thumb Code     0  libinit2.o(.ARM.Collect$$libinit$$0000001F)
    __rt_lib_init_getenv_1                   0x08000203   Thumb Code     0  libinit2.o(.ARM.Collect$$libinit$$00000023)
    __rt_lib_init_heap_1                     0x08000203   Thumb Code     0  libinit2.o(.ARM.Collect$$libinit$$0000000A)
    __rt_lib_init_lc_collate_1               0x08000203   Thumb Code     0  libinit2.o(.ARM.Collect$$libinit$$00000011)
    __rt_lib_init_lc_ctype_1                 0x08000203   Thumb Code     0  libinit2.o(.ARM.Collect$$libinit$$00000013)
    __rt_lib_init_lc_monetary_1              0x08000203   Thumb Code     0  libinit2.o(.ARM.Collect$$libinit$$00000015)
    __rt_lib_init_lc_numeric_1               0x08000203   Thumb Code     0  libinit2.o(.ARM.Collect$$libinit$$00000017)
    __rt_lib_init_lc_time_1                  0x08000203   Thumb Code     0  libinit2.o(.ARM.Collect$$libinit$$00000019)
    __rt_lib_init_preinit_1                  0x08000203   Thumb Code     0  libinit2.o(.ARM.Collect$$libinit$$00000004)
    __rt_lib_init_rand_1                     0x08000203   Thumb Code     0  libinit2.o(.ARM.Collect$$libinit$$0000000E)
    __rt_lib_init_return                     0x08000203   Thumb Code     0  libinit2.o(.ARM.Collect$$libinit$$00000033)
    __rt_lib_init_signal_1                   0x08000203   Thumb Code     0  libinit2.o(.ARM.Collect$$libinit$$0000001D)
    __rt_lib_init_stdio_1                    0x08000203   Thumb Code     0  libinit2.o(.ARM.Collect$$libinit$$00000025)
    __rt_lib_init_user_alloc_1               0x08000203   Thumb Code     0  libinit2.o(.ARM.Collect$$libinit$$0000000C)
    __rt_lib_shutdown                        0x08000205   Thumb Code     0  libshutdown.o(.ARM.Collect$$libshutdown$$00000000)
    __rt_lib_shutdown_cpp_1                  0x08000207   Thumb Code     0  libshutdown2.o(.ARM.Collect$$libshutdown$$00000004)
    __rt_lib_shutdown_fini_1                 0x08000207   Thumb Code     0  libshutdown2.o(.ARM.Collect$$libshutdown$$00000002)
    __rt_lib_shutdown_fp_trap_1              0x08000207   Thumb Code     0  libshutdown2.o(.ARM.Collect$$libshutdown$$00000009)
    __rt_lib_shutdown_heap_1                 0x08000207   Thumb Code     0  libshutdown2.o(.ARM.Collect$$libshutdown$$00000011)
    __rt_lib_shutdown_return                 0x08000207   Thumb Code     0  libshutdown2.o(.ARM.Collect$$libshutdown$$00000012)
    __rt_lib_shutdown_signal_1               0x08000207   Thumb Code     0  libshutdown2.o(.ARM.Collect$$libshutdown$$0000000C)
    __rt_lib_shutdown_stdio_1                0x08000207   Thumb Code     0  libshutdown2.o(.ARM.Collect$$libshutdown$$00000006)
    __rt_lib_shutdown_user_alloc_1           0x08000207   Thumb Code     0  libshutdown2.o(.ARM.Collect$$libshutdown$$0000000E)
    __rt_entry                               0x08000209   Thumb Code     0  __rtentry.o(.ARM.Collect$$rtentry$$00000000)
    __rt_entry_presh_1                       0x08000209   Thumb Code     0  __rtentry2.o(.ARM.Collect$$rtentry$$00000002)
    __rt_entry_sh                            0x08000209   Thumb Code     0  __rtentry4.o(.ARM.Collect$$rtentry$$00000004)
    __rt_entry_li                            0x0800020f   Thumb Code     0  __rtentry2.o(.ARM.Collect$$rtentry$$0000000A)
    __rt_entry_postsh_1                      0x0800020f   Thumb Code     0  __rtentry2.o(.ARM.Collect$$rtentry$$00000009)
    __rt_entry_main                          0x08000213   Thumb Code     0  __rtentry2.o(.ARM.Collect$$rtentry$$0000000D)
    __rt_entry_postli_1                      0x08000213   Thumb Code     0  __rtentry2.o(.ARM.Collect$$rtentry$$0000000C)
    __rt_exit                                0x0800021b   Thumb Code     0  rtexit.o(.ARM.Collect$$rtexit$$00000000)
    __rt_exit_ls                             0x0800021d   Thumb Code     0  rtexit2.o(.ARM.Collect$$rtexit$$00000003)
    __rt_exit_prels_1                        0x0800021d   Thumb Code     0  rtexit2.o(.ARM.Collect$$rtexit$$00000002)
    __rt_exit_exit                           0x08000221   Thumb Code     0  rtexit2.o(.ARM.Collect$$rtexit$$00000004)
    Reset_Handler                            0x08000229   Thumb Code     8  startup_stm32f302xc.o(.text)
    NMI_Handler                              0x08000231   Thumb Code     2  startup_stm32f302xc.o(.text)
    HardFault_Handler                        0x08000233   Thumb Code     2  startup_stm32f302xc.o(.text)
    MemManage_Handler                        0x08000235   Thumb Code     2  startup_stm32f302xc.o(.text)
    BusFault_Handler                         0x08000237   Thumb Code     2  startup_stm32f302xc.o(.text)
    UsageFault_Handler                       0x08000239   Thumb Code     2  startup_stm32f302xc.o(.text)
    SVC_Handler                              0x0800023b   Thumb Code     2  startup_stm32f302xc.o(.text)
    DebugMon_Handler                         0x0800023d   Thumb Code     2  startup_stm32f302xc.o(.text)
    PendSV_Handler                           0x0800023f   Thumb Code     2  startup_stm32f302xc.o(.text)
    SysTick_Handler                          0x08000241   Thumb Code     2  startup_stm32f302xc.o(.text)
    ADC1_2_IRQHandler                        0x08000243   Thumb Code     0  startup_stm32f302xc.o(.text)
    CAN_RX1_IRQHandler                       0x08000243   Thumb Code     0  startup_stm32f302xc.o(.text)
    CAN_SCE_IRQHandler                       0x08000243   Thumb Code     0  startup_stm32f302xc.o(.text)
    COMP1_2_IRQHandler                       0x08000243   Thumb Code     0  startup_stm32f302xc.o(.text)
    COMP4_6_IRQHandler                       0x08000243   Thumb Code     0  startup_stm32f302xc.o(.text)
    DMA1_Channel1_IRQHandler                 0x08000243   Thumb Code     0  startup_stm32f302xc.o(.text)
    DMA1_Channel2_IRQHandler                 0x08000243   Thumb Code     0  startup_stm32f302xc.o(.text)
    DMA1_Channel3_IRQHandler                 0x08000243   Thumb Code     0  startup_stm32f302xc.o(.text)
    DMA1_Channel4_IRQHandler                 0x08000243   Thumb Code     0  startup_stm32f302xc.o(.text)
    DMA1_Channel5_IRQHandler                 0x08000243   Thumb Code     0  startup_stm32f302xc.o(.text)
    DMA1_Channel6_IRQHandler                 0x08000243   Thumb Code     0  startup_stm32f302xc.o(.text)
    DMA1_Channel7_IRQHandler                 0x08000243   Thumb Code     0  startup_stm32f302xc.o(.text)
    DMA2_Channel1_IRQHandler                 0x08000243   Thumb Code     0  startup_stm32f302xc.o(.text)
    DMA2_Channel2_IRQHandler                 0x08000243   Thumb Code     0  startup_stm32f302xc.o(.text)
    DMA2_Channel3_IRQHandler                 0x08000243   Thumb Code     0  startup_stm32f302xc.o(.text)
    DMA2_Channel4_IRQHandler                 0x08000243   Thumb Code     0  startup_stm32f302xc.o(.text)
    DMA2_Channel5_IRQHandler                 0x08000243   Thumb Code     0  startup_stm32f302xc.o(.text)
    EXTI0_IRQHandler                         0x08000243   Thumb Code     0  startup_stm32f302xc.o(.text)
    EXTI15_10_IRQHandler                     0x08000243   Thumb Code     0  startup_stm32f302xc.o(.text)
    EXTI1_IRQHandler                         0x08000243   Thumb Code     0  startup_stm32f302xc.o(.text)
    EXTI2_TSC_IRQHandler                     0x08000243   Thumb Code     0  startup_stm32f302xc.o(.text)
    EXTI3_IRQHandler                         0x08000243   Thumb Code     0  startup_stm32f302xc.o(.text)
    EXTI4_IRQHandler                         0x08000243   Thumb Code     0  startup_stm32f302xc.o(.text)
    EXTI9_5_IRQHandler                       0x08000243   Thumb Code     0  startup_stm32f302xc.o(.text)
    FLASH_IRQHandler                         0x08000243   Thumb Code     0  startup_stm32f302xc.o(.text)
    FPU_IRQHandler                           0x08000243   Thumb Code     0  startup_stm32f302xc.o(.text)
    I2C1_ER_IRQHandler                       0x08000243   Thumb Code     0  startup_stm32f302xc.o(.text)
    I2C1_EV_IRQHandler                       0x08000243   Thumb Code     0  startup_stm32f302xc.o(.text)
    I2C2_ER_IRQHandler                       0x08000243   Thumb Code     0  startup_stm32f302xc.o(.text)
    I2C2_EV_IRQHandler                       0x08000243   Thumb Code     0  startup_stm32f302xc.o(.text)
    PVD_IRQHandler                           0x08000243   Thumb Code     0  startup_stm32f302xc.o(.text)
    RCC_IRQHandler                           0x08000243   Thumb Code     0  startup_stm32f302xc.o(.text)
    RTC_Alarm_IRQHandler                     0x08000243   Thumb Code     0  startup_stm32f302xc.o(.text)
    RTC_WKUP_IRQHandler                      0x08000243   Thumb Code     0  startup_stm32f302xc.o(.text)
    SPI1_IRQHandler                          0x08000243   Thumb Code     0  startup_stm32f302xc.o(.text)
    SPI2_IRQHandler                          0x08000243   Thumb Code     0  startup_stm32f302xc.o(.text)
    SPI3_IRQHandler                          0x08000243   Thumb Code     0  startup_stm32f302xc.o(.text)
    TAMP_STAMP_IRQHandler                    0x08000243   Thumb Code     0  startup_stm32f302xc.o(.text)
    TIM1_BRK_TIM15_IRQHandler                0x08000243   Thumb Code     0  startup_stm32f302xc.o(.text)
    TIM1_CC_IRQHandler                       0x08000243   Thumb Code     0  startup_stm32f302xc.o(.text)
    TIM1_TRG_COM_TIM17_IRQHandler            0x08000243   Thumb Code     0  startup_stm32f302xc.o(.text)
    TIM1_UP_TIM16_IRQHandler                 0x08000243   Thumb Code     0  startup_stm32f302xc.o(.text)
    TIM3_IRQHandler                          0x08000243   Thumb Code     0  startup_stm32f302xc.o(.text)
    TIM4_IRQHandler                          0x08000243   Thumb Code     0  startup_stm32f302xc.o(.text)
    TIM6_DAC_IRQHandler                      0x08000243   Thumb Code     0  startup_stm32f302xc.o(.text)
    UART4_IRQHandler                         0x08000243   Thumb Code     0  startup_stm32f302xc.o(.text)
    UART5_IRQHandler                         0x08000243   Thumb Code     0  startup_stm32f302xc.o(.text)
    USART1_IRQHandler                        0x08000243   Thumb Code     0  startup_stm32f302xc.o(.text)
    USART3_IRQHandler                        0x08000243   Thumb Code     0  startup_stm32f302xc.o(.text)
    USBWakeUp_IRQHandler                     0x08000243   Thumb Code     0  startup_stm32f302xc.o(.text)
    USBWakeUp_RMP_IRQHandler                 0x08000243   Thumb Code     0  startup_stm32f302xc.o(.text)
    USB_HP_CAN_TX_IRQHandler                 0x08000243   Thumb Code     0  startup_stm32f302xc.o(.text)
    USB_HP_IRQHandler                        0x08000243   Thumb Code     0  startup_stm32f302xc.o(.text)
    USB_LP_CAN_RX0_IRQHandler                0x08000243   Thumb Code     0  startup_stm32f302xc.o(.text)
    USB_LP_IRQHandler                        0x08000243   Thumb Code     0  startup_stm32f302xc.o(.text)
    WWDG_IRQHandler                          0x08000243   Thumb Code     0  startup_stm32f302xc.o(.text)
    __user_initial_stackheap                 0x08000245   Thumb Code     0  startup_stm32f302xc.o(.text)
    arm_cos_f32                              0x08000269   Thumb Code   108  arm_cos_f32.o(.text)
    arm_sin_f32                              0x080002e1   Thumb Code   130  arm_sin_f32.o(.text)
    __aeabi_memclr4                          0x08000375   Thumb Code     0  rt_memclr_w.o(.text)
    __aeabi_memclr8                          0x08000375   Thumb Code     0  rt_memclr_w.o(.text)
    __rt_memclr_w                            0x08000375   Thumb Code    78  rt_memclr_w.o(.text)
    _memset_w                                0x08000379   Thumb Code     0  rt_memclr_w.o(.text)
    __use_two_region_memory                  0x080003c3   Thumb Code     2  heapauxi.o(.text)
    __rt_heap_escrow$2region                 0x080003c5   Thumb Code     2  heapauxi.o(.text)
    __rt_heap_expand$2region                 0x080003c7   Thumb Code     2  heapauxi.o(.text)
    __read_errno                             0x080003c9   Thumb Code    10  _rserrno.o(.text)
    __set_errno                              0x080003d3   Thumb Code    12  _rserrno.o(.text)
    __aeabi_errno_addr                       0x080003e1   Thumb Code     8  rt_errno_addr_intlibspace.o(.text)
    __errno$intlibspace                      0x080003e1   Thumb Code     0  rt_errno_addr_intlibspace.o(.text)
    __rt_errno_addr$intlibspace              0x080003e1   Thumb Code     0  rt_errno_addr_intlibspace.o(.text)
    _fp_trap                                 0x080003e9   Thumb Code    44  _fptrap.o(.text)
    __user_libspace                          0x08000419   Thumb Code     8  libspace.o(.text)
    __user_perproc_libspace                  0x08000419   Thumb Code     0  libspace.o(.text)
    __user_perthread_libspace                0x08000419   Thumb Code     0  libspace.o(.text)
    __user_setup_stackheap                   0x08000421   Thumb Code    74  sys_stackheap_outer.o(.text)
    exit                                     0x0800046b   Thumb Code    18  exit.o(.text)
    __rt_SIGFPE                              0x0800047d   Thumb Code    14  defsig_fpe_outer.o(.text)
    __sig_exit                               0x0800048b   Thumb Code    10  defsig_exit.o(.text)
    __rt_SIGFPE_inner                        0x08000495   Thumb Code    62  defsig_fpe_inner.o(.text)
    _sys_exit                                0x08000541   Thumb Code     8  sys_exit.o(.text)
    __default_signal_display                 0x0800054d   Thumb Code    50  defsig_general.o(.text)
    _ttywrch                                 0x0800057f   Thumb Code    14  sys_wrch.o(.text)
    __I$use$semihosting                      0x0800058d   Thumb Code     0  use_no_semi.o(.text)
    __use_no_semihosting_swi                 0x0800058d   Thumb Code     2  use_no_semi.o(.text)
    __semihosting_library_function           0x0800058f   Thumb Code     0  indicate_semi.o(.text)
    LL_ADC_CommonInit                        0x08001ab5   Thumb Code    88  stm32f3xx_ll_adc.o(i.LL_ADC_CommonInit)
    LL_ADC_Init                              0x08001b15   Thumb Code    46  stm32f3xx_ll_adc.o(i.LL_ADC_Init)
    LL_ADC_REG_Init                          0x08001b4d   Thumb Code   102  stm32f3xx_ll_adc.o(i.LL_ADC_REG_Init)
    LL_COMP_Init                             0x08001cc1   Thumb Code    56  stm32f3xx_ll_comp.o(i.LL_COMP_Init)
    LL_DAC_Init                              0x08001cfd   Thumb Code   126  stm32f3xx_ll_dac.o(i.LL_DAC_Init)
    LL_GPIO_Init                             0x08001eb1   Thumb Code   310  stm32f3xx_ll_gpio.o(i.LL_GPIO_Init)
    LL_Init1msTick                           0x08001ffd   Thumb Code    28  stm32f3xx_ll_utils.o(i.LL_Init1msTick)
    LL_RCC_GetUARTClockFreq                  0x08002019   Thumb Code   198  stm32f3xx_ll_rcc.o(i.LL_RCC_GetUARTClockFreq)
    LL_RCC_GetUSARTClockFreq                 0x08002101   Thumb Code   272  stm32f3xx_ll_rcc.o(i.LL_RCC_GetUSARTClockFreq)
    LL_SetSystemCoreClock                    0x08002255   Thumb Code     6  stm32f3xx_ll_utils.o(i.LL_SetSystemCoreClock)
    LL_TIM_BDTR_Init                         0x08002261   Thumb Code   134  stm32f3xx_ll_tim.o(i.LL_TIM_BDTR_Init)
    LL_TIM_Init                              0x08002315   Thumb Code   154  stm32f3xx_ll_tim.o(i.LL_TIM_Init)
    LL_TIM_OC_Init                           0x080024b1   Thumb Code   132  stm32f3xx_ll_tim.o(i.LL_TIM_OC_Init)
    LL_USART_Init                            0x08002551   Thumb Code   242  stm32f3xx_ll_usart.o(i.LL_USART_Init)
    RCC_GetHCLKClockFreq                     0x08003309   Thumb Code    24  stm32f3xx_ll_rcc.o(i.RCC_GetHCLKClockFreq)
    RCC_GetPCLK1ClockFreq                    0x08003329   Thumb Code    26  stm32f3xx_ll_rcc.o(i.RCC_GetPCLK1ClockFreq)
    RCC_GetPCLK2ClockFreq                    0x0800334d   Thumb Code    26  stm32f3xx_ll_rcc.o(i.RCC_GetPCLK2ClockFreq)
    RCC_GetSystemClockFreq                   0x08003371   Thumb Code    52  stm32f3xx_ll_rcc.o(i.RCC_GetSystemClockFreq)
    RCC_PLL_GetFreqDomain_SYS                0x080033ad   Thumb Code    90  stm32f3xx_ll_rcc.o(i.RCC_PLL_GetFreqDomain_SYS)
    SystemClock_Config                       0x08003415   Thumb Code   316  main.o(i.SystemClock_Config)
    SystemInit                               0x08003561   Thumb Code    14  system_stm32f3xx.o(i.SystemInit)
    TIM2_IRQHandler                          0x08003575   Thumb Code  8218  stm32f3xx_it.o(i.TIM2_IRQHandler)
    USART2_IRQHandler                        0x080055bd   Thumb Code    12  stm32f3xx_it.o(i.USART2_IRQHandler)
    __hardfp_sqrtf                           0x08005621   Thumb Code    58  sqrtf_full.o(i.__hardfp_sqrtf)
    main                                     0x0800565d   Thumb Code   122  main.o(i.main)
    __aeabi_dneg                             0x080056e5   Thumb Code     0  basic.o(x$fpl$basic)
    _dneg                                    0x080056e5   Thumb Code     6  basic.o(x$fpl$basic)
    __aeabi_fneg                             0x080056eb   Thumb Code     0  basic.o(x$fpl$basic)
    _fneg                                    0x080056eb   Thumb Code     6  basic.o(x$fpl$basic)
    _dabs                                    0x080056f1   Thumb Code     6  basic.o(x$fpl$basic)
    _fabs                                    0x080056f7   Thumb Code     6  basic.o(x$fpl$basic)
    __aeabi_d2f                              0x080056fd   Thumb Code     0  d2f_clz.o(x$fpl$d2f)
    _d2f                                     0x080056fd   Thumb Code   700  d2f_clz.o(x$fpl$d2f)
    __aeabi_dadd                             0x080059c1   Thumb Code     0  daddsub_clz.o(x$fpl$dadd)
    _dadd                                    0x080059c1   Thumb Code   580  daddsub_clz.o(x$fpl$dadd)
    __fpl_dcmp_Inf                           0x08005c0d   Thumb Code    24  dcmpi.o(x$fpl$dcmpinf)
    __aeabi_ddiv                             0x08005c25   Thumb Code     0  ddiv_clz.o(x$fpl$ddiv)
    _ddiv                                    0x08005c25   Thumb Code   748  ddiv_clz.o(x$fpl$ddiv)
    __dflt_normalise                         0x08005fa1   Thumb Code    26  dflt_clz.o(x$fpl$dfltn)
    __aeabi_ui2d                             0x08005fbb   Thumb Code     0  dflt_clz.o(x$fpl$dfltu)
    _dfltu                                   0x08005fbb   Thumb Code    38  dflt_clz.o(x$fpl$dfltu)
    __aeabi_cdcmple                          0x08005fe1   Thumb Code     0  dleqf.o(x$fpl$dleqf)
    _dcmple                                  0x08005fe1   Thumb Code   120  dleqf.o(x$fpl$dleqf)
    __fpl_dcmple_InfNaN                      0x08006039   Thumb Code     0  dleqf.o(x$fpl$dleqf)
    __aeabi_dmul                             0x08006059   Thumb Code     0  dmul_clz.o(x$fpl$dmul)
    _dmul                                    0x08006059   Thumb Code   440  dmul_clz.o(x$fpl$dmul)
    __fpl_dnaninf                            0x08006219   Thumb Code   258  dnaninf.o(x$fpl$dnaninf)
    __fpl_drenorm2                           0x0800631b   Thumb Code   106  drenorm_clz.o(x$fpl$drenorm)
    __fpl_drenorm1                           0x08006385   Thumb Code     6  drenorm_clz.o(x$fpl$drenorm)
    __fpl_dretinf                            0x0800638b   Thumb Code    12  dretinf.o(x$fpl$dretinf)
    __aeabi_cdrcmple                         0x08006397   Thumb Code     0  drleqf.o(x$fpl$drleqf)
    _drcmple                                 0x08006397   Thumb Code    98  drleqf.o(x$fpl$drleqf)
    __aeabi_dsub                             0x080063f9   Thumb Code     0  daddsub_clz.o(x$fpl$dsub)
    _dsub                                    0x080063f9   Thumb Code   664  daddsub_clz.o(x$fpl$dsub)
    __dunder                                 0x08006695   Thumb Code   314  dunder_clz.o(x$fpl$dunder)
    __dunder_d                               0x080067cf   Thumb Code    64  dunder_clz.o(x$fpl$dunder)
    __fpl_exception                          0x08006811   Thumb Code   454  except.o(x$fpl$exception)
    __aeabi_f2d                              0x080069fd   Thumb Code     0  f2d.o(x$fpl$f2d)
    _f2d                                     0x080069fd   Thumb Code   122  f2d.o(x$fpl$f2d)
    __fpl_fnaninf                            0x08006a77   Thumb Code   242  fnaninf.o(x$fpl$fnaninf)
    _fp_init                                 0x08006b69   Thumb Code    10  fpinit.o(x$fpl$fpinit)
    __fplib_config_fpu_vfp                   0x08006b71   Thumb Code     0  fpinit.o(x$fpl$fpinit)
    __fplib_config_pureend_doubles           0x08006b71   Thumb Code     0  fpinit.o(x$fpl$fpinit)
    __fpl_fretinf                            0x08006b73   Thumb Code    10  fretinf.o(x$fpl$fretinf)
    __funder                                 0x08006b7d   Thumb Code   254  funder_clz.o(x$fpl$funder)
    __funder_d                               0x08006c7b   Thumb Code    62  funder_clz.o(x$fpl$funder)
    __fpl_return_NaN                         0x08006cb9   Thumb Code   178  retnan.o(x$fpl$retnan)
    _fp_trapveneer                           0x08006d6b   Thumb Code    36  trapv.o(x$fpl$trapveneer)
    __fpl_cmpreturn                          0x08006d8f   Thumb Code    90  trapv.o(x$fpl$trapveneer)
    __I$use$fp                               0x08006de8   Number         0  usenofp.o(x$fpl$usenofp)
    AHBPrescTable                            0x08006e1c   Data          16  system_stm32f3xx.o(.constdata)
    APBPrescTable                            0x08006e2c   Data           8  system_stm32f3xx.o(.constdata)
    sinTable_f32                             0x08006e34   Data        2052  arm_common_tables.o(.constdata)
    Region$$Table$$Base                      0x08007638   Number         0  anon$$obj.o(Region$$Table)
    Region$$Table$$Limit                     0x08007658   Number         0  anon$$obj.o(Region$$Table)
    ADCValue_VIN                             0x20000000   Data           2  main.o(.data)
    ADCValue_IL                              0x20000002   Data           2  main.o(.data)
    ADCValue_VAC                             0x20000004   Data           2  main.o(.data)
    ADCValue_IIN                             0x20000006   Data           2  main.o(.data)
    ADCValue_IG                              0x20000008   Data           2  main.o(.data)
    f32_VIN                                  0x2000000c   Data           4  main.o(.data)
    f32_VIN_filter                           0x20000010   Data           4  main.o(.data)
    f32_VIN_filtered                         0x20000014   Data           4  main.o(.data)
    f32_IIN                                  0x20000018   Data           4  main.o(.data)
    f32_IIN_filter                           0x2000001c   Data           4  main.o(.data)
    f32_IIN_filtered                         0x20000020   Data           4  main.o(.data)
    f32_VAC                                  0x20000024   Data           4  main.o(.data)
    f32_VAC_filter                           0x20000028   Data           4  main.o(.data)
    f32_VAC_filtered                         0x2000002c   Data           4  main.o(.data)
    f32_IL                                   0x20000030   Data           4  main.o(.data)
    f32_IL_filter                            0x20000034   Data           4  main.o(.data)
    f32_IL_filtered                          0x20000038   Data           4  main.o(.data)
    f32_IG                                   0x2000003c   Data           4  main.o(.data)
    f32_IG_filter                            0x20000040   Data           4  main.o(.data)
    f32_IG_filtered                          0x20000044   Data           4  main.o(.data)
    f32_VAC_Rms_Counter                      0x20000048   Data           2  main.o(.data)
    f32RMSValue                              0x2000004c   Data           4  main.o(.data)
    f32SUMValue                              0x20000050   Data           4  main.o(.data)
    f32_VDC_Set                              0x20000054   Data           4  main.o(.data)
    f32_VRms_Set                             0x20000058   Data           4  main.o(.data)
    f32_IAC_Ref                              0x2000005c   Data           4  main.o(.data)
    f32_VAC_Set                              0x20000060   Data           4  main.o(.data)
    f32_VAC_Set_Step                         0x20000064   Data           4  main.o(.data)
    f32_VAC_Set_Update                       0x20000068   Data           4  main.o(.data)
    f32_IAC_Set                              0x2000006c   Data           4  main.o(.data)
    f32_IAC_Set_Step                         0x20000070   Data           4  main.o(.data)
    f32_IAC_Set_Update                       0x20000074   Data           4  main.o(.data)
    f32_VAC_Gain                             0x20000078   Data           8  main.o(.data)
    UsartTxValue                             0x20000080   Data           2  main.o(.data)
    UsartRxValue                             0x20000082   Data           2  main.o(.data)
    SerialPort                               0x20000088   Data           1  stm32f3xx_it.o(.data)
    u16SerialPortTypedef                     0x2000008a   Data           2  stm32f3xx_it.o(.data)
    ACState                                  0x2000008c   Data           1  stm32f3xx_it.o(.data)
    u16VacState                              0x2000008e   Data           2  stm32f3xx_it.o(.data)
    OnGridState                              0x20000090   Data           1  stm32f3xx_it.o(.data)
    u16OnGridState                           0x20000092   Data           2  stm32f3xx_it.o(.data)
    Mode                                     0x20000094   Data           1  stm32f3xx_it.o(.data)
    u16Mode                                  0x20000096   Data           2  stm32f3xx_it.o(.data)
    LoopMode                                 0x20000098   Data           1  stm32f3xx_it.o(.data)
    u16LoopMode                              0x2000009a   Data           2  stm32f3xx_it.o(.data)
    Status                                   0x2000009c   Data           4  stm32f3xx_it.o(.data)
    TIM2_Counter                             0x200000a0   Data           2  stm32f3xx_it.o(.data)
    TIM2_Delay_Counter                       0x200000a2   Data           2  stm32f3xx_it.o(.data)
    VacRmsVal                                0x200000a4   Data           4  stm32f3xx_it.o(.data)
    VacPeakVal                               0x200000a8   Data           2  stm32f3xx_it.o(.data)
    SinVal                                   0x200000ac   Data           4  stm32f3xx_it.o(.data)
    f32VacVal                                0x200000b0   Data           4  stm32f3xx_it.o(.data)
    f32VacSin                                0x200000b4   Data           4  stm32f3xx_it.o(.data)
    u16VacVal                                0x200000b8   Data           2  stm32f3xx_it.o(.data)
    u16VacAbsVal                             0x200000ba   Data           2  stm32f3xx_it.o(.data)
    u16VacFreqCounter                        0x200000bc   Data           2  stm32f3xx_it.o(.data)
    f32VacFreqCounter                        0x200000c0   Data           4  stm32f3xx_it.o(.data)
    f32VacFreq                               0x200000c4   Data           4  stm32f3xx_it.o(.data)
    VacTimer                                 0x200000c8   Data           8  stm32f3xx_it.o(.data)
    VacGain                                  0x200000d0   Data           4  stm32f3xx_it.o(.data)
    u16PwmUpdate                             0x200000d4   Data           2  stm32f3xx_it.o(.data)
    u16PwmUpdateCH2                          0x200000d6   Data           2  stm32f3xx_it.o(.data)
    u16PwmUpdateCH3                          0x200000d8   Data           2  stm32f3xx_it.o(.data)
    f32PwmUpdate                             0x200000dc   Data           4  stm32f3xx_it.o(.data)
    OnGridDuty                               0x200000e0   Data           4  stm32f3xx_it.o(.data)
    OffGridDuty                              0x200000e4   Data           4  stm32f3xx_it.o(.data)
    DataTailSendTx                           0x200000e8   Data           1  stm32f3xx_it.o(.data)
    USARTf32TxADDr                           0x200000ec   Data           4  stm32f3xx_it.o(.data)
    f32MaxValue                              0x200000f0   Data           4  stm32f3xx_it.o(.data)
    f32MaxValueBefore                        0x200000f4   Data           4  stm32f3xx_it.o(.data)
    f32MinValue                              0x200000f8   Data           4  stm32f3xx_it.o(.data)
    f32MinValueBefore                        0x200000fc   Data           4  stm32f3xx_it.o(.data)
    SystemCoreClock                          0x20000100   Data           4  system_stm32f3xx.o(.data)
    f32_VAC_Rms                              0x20000104   Data         200  main.o(.bss)
    aADCxConvertedValues                     0x200001cc   Data          10  main.o(.bss)
    OnGridDQ                                 0x200001d8   Data         144  stm32f3xx_it.o(.bss)
    OffGridPID                               0x20000268   Data          76  stm32f3xx_it.o(.bss)
    OnGridPID                                0x200002b4   Data          76  stm32f3xx_it.o(.bss)
    OnGridPR                                 0x20000300   Data          76  stm32f3xx_it.o(.bss)
    OnGrid2P2Z                               0x2000034c   Data          80  stm32f3xx_it.o(.bss)
    SOGIPLL                                  0x2000039c   Data         108  stm32f3xx_it.o(.bss)
    SOGIPLL_Ig                               0x20000408   Data         108  stm32f3xx_it.o(.bss)
    USARTBufferTx                            0x20000474   Data          16  stm32f3xx_it.o(.bss)
    USARTBufferRx                            0x20000484   Data          12  stm32f3xx_it.o(.bss)
    USARTf32Tx                               0x20000490   Data          16  stm32f3xx_it.o(.bss)
    __libspace_start                         0x200004a0   Data          96  libspace.o(.bss)
    __temporary_stack_top$libspace           0x20000500   Data           0  libspace.o(.bss)



==============================================================================

Memory Map of the image

  Image Entry point : 0x08000189

  Load Region LR_IROM1 (Base: 0x08000000, Size: 0x0000775c, Max: 0x00020000, ABSOLUTE)

    Execution Region ER_IROM1 (Exec base: 0x08000000, Load base: 0x08000000, Size: 0x00007658, Max: 0x00020000, ABSOLUTE)

    Exec Addr    Load Addr    Size         Type   Attr      Idx    E Section Name        Object

    0x08000000   0x08000000   0x00000188   Data   RO            3    RESET               startup_stm32f302xc.o
    0x08000188   0x08000188   0x00000008   Code   RO         1528  * !!!main             c_w.l(__main.o)
    0x08000190   0x08000190   0x00000034   Code   RO         1763    !!!scatter          c_w.l(__scatter.o)
    0x080001c4   0x080001c4   0x0000001a   Code   RO         1765    !!handler_copy      c_w.l(__scatter_copy.o)
    0x080001de   0x080001de   0x00000002   PAD
    0x080001e0   0x080001e0   0x0000001c   Code   RO         1767    !!handler_zi        c_w.l(__scatter_zi.o)
    0x080001fc   0x080001fc   0x00000002   Code   RO         1634    .ARM.Collect$$libinit$$00000000  c_w.l(libinit.o)
    0x080001fe   0x080001fe   0x00000004   Code   RO         1643    .ARM.Collect$$libinit$$00000001  c_w.l(libinit2.o)
    0x08000202   0x08000202   0x00000000   Code   RO         1646    .ARM.Collect$$libinit$$00000004  c_w.l(libinit2.o)
    0x08000202   0x08000202   0x00000000   Code   RO         1649    .ARM.Collect$$libinit$$0000000A  c_w.l(libinit2.o)
    0x08000202   0x08000202   0x00000000   Code   RO         1651    .ARM.Collect$$libinit$$0000000C  c_w.l(libinit2.o)
    0x08000202   0x08000202   0x00000000   Code   RO         1653    .ARM.Collect$$libinit$$0000000E  c_w.l(libinit2.o)
    0x08000202   0x08000202   0x00000000   Code   RO         1656    .ARM.Collect$$libinit$$00000011  c_w.l(libinit2.o)
    0x08000202   0x08000202   0x00000000   Code   RO         1658    .ARM.Collect$$libinit$$00000013  c_w.l(libinit2.o)
    0x08000202   0x08000202   0x00000000   Code   RO         1660    .ARM.Collect$$libinit$$00000015  c_w.l(libinit2.o)
    0x08000202   0x08000202   0x00000000   Code   RO         1662    .ARM.Collect$$libinit$$00000017  c_w.l(libinit2.o)
    0x08000202   0x08000202   0x00000000   Code   RO         1664    .ARM.Collect$$libinit$$00000019  c_w.l(libinit2.o)
    0x08000202   0x08000202   0x00000000   Code   RO         1666    .ARM.Collect$$libinit$$0000001B  c_w.l(libinit2.o)
    0x08000202   0x08000202   0x00000000   Code   RO         1668    .ARM.Collect$$libinit$$0000001D  c_w.l(libinit2.o)
    0x08000202   0x08000202   0x00000000   Code   RO         1670    .ARM.Collect$$libinit$$0000001F  c_w.l(libinit2.o)
    0x08000202   0x08000202   0x00000000   Code   RO         1672    .ARM.Collect$$libinit$$00000021  c_w.l(libinit2.o)
    0x08000202   0x08000202   0x00000000   Code   RO         1674    .ARM.Collect$$libinit$$00000023  c_w.l(libinit2.o)
    0x08000202   0x08000202   0x00000000   Code   RO         1676    .ARM.Collect$$libinit$$00000025  c_w.l(libinit2.o)
    0x08000202   0x08000202   0x00000000   Code   RO         1680    .ARM.Collect$$libinit$$0000002C  c_w.l(libinit2.o)
    0x08000202   0x08000202   0x00000000   Code   RO         1682    .ARM.Collect$$libinit$$0000002E  c_w.l(libinit2.o)
    0x08000202   0x08000202   0x00000000   Code   RO         1684    .ARM.Collect$$libinit$$00000030  c_w.l(libinit2.o)
    0x08000202   0x08000202   0x00000000   Code   RO         1686    .ARM.Collect$$libinit$$00000032  c_w.l(libinit2.o)
    0x08000202   0x08000202   0x00000002   Code   RO         1687    .ARM.Collect$$libinit$$00000033  c_w.l(libinit2.o)
    0x08000204   0x08000204   0x00000002   Code   RO         1718    .ARM.Collect$$libshutdown$$00000000  c_w.l(libshutdown.o)
    0x08000206   0x08000206   0x00000000   Code   RO         1744    .ARM.Collect$$libshutdown$$00000002  c_w.l(libshutdown2.o)
    0x08000206   0x08000206   0x00000000   Code   RO         1746    .ARM.Collect$$libshutdown$$00000004  c_w.l(libshutdown2.o)
    0x08000206   0x08000206   0x00000000   Code   RO         1748    .ARM.Collect$$libshutdown$$00000006  c_w.l(libshutdown2.o)
    0x08000206   0x08000206   0x00000000   Code   RO         1751    .ARM.Collect$$libshutdown$$00000009  c_w.l(libshutdown2.o)
    0x08000206   0x08000206   0x00000000   Code   RO         1754    .ARM.Collect$$libshutdown$$0000000C  c_w.l(libshutdown2.o)
    0x08000206   0x08000206   0x00000000   Code   RO         1756    .ARM.Collect$$libshutdown$$0000000E  c_w.l(libshutdown2.o)
    0x08000206   0x08000206   0x00000000   Code   RO         1759    .ARM.Collect$$libshutdown$$00000011  c_w.l(libshutdown2.o)
    0x08000206   0x08000206   0x00000002   Code   RO         1760    .ARM.Collect$$libshutdown$$00000012  c_w.l(libshutdown2.o)
    0x08000208   0x08000208   0x00000000   Code   RO         1570    .ARM.Collect$$rtentry$$00000000  c_w.l(__rtentry.o)
    0x08000208   0x08000208   0x00000000   Code   RO         1595    .ARM.Collect$$rtentry$$00000002  c_w.l(__rtentry2.o)
    0x08000208   0x08000208   0x00000006   Code   RO         1607    .ARM.Collect$$rtentry$$00000004  c_w.l(__rtentry4.o)
    0x0800020e   0x0800020e   0x00000000   Code   RO         1597    .ARM.Collect$$rtentry$$00000009  c_w.l(__rtentry2.o)
    0x0800020e   0x0800020e   0x00000004   Code   RO         1598    .ARM.Collect$$rtentry$$0000000A  c_w.l(__rtentry2.o)
    0x08000212   0x08000212   0x00000000   Code   RO         1600    .ARM.Collect$$rtentry$$0000000C  c_w.l(__rtentry2.o)
    0x08000212   0x08000212   0x00000008   Code   RO         1601    .ARM.Collect$$rtentry$$0000000D  c_w.l(__rtentry2.o)
    0x0800021a   0x0800021a   0x00000002   Code   RO         1635    .ARM.Collect$$rtexit$$00000000  c_w.l(rtexit.o)
    0x0800021c   0x0800021c   0x00000000   Code   RO         1691    .ARM.Collect$$rtexit$$00000002  c_w.l(rtexit2.o)
    0x0800021c   0x0800021c   0x00000004   Code   RO         1692    .ARM.Collect$$rtexit$$00000003  c_w.l(rtexit2.o)
    0x08000220   0x08000220   0x00000006   Code   RO         1693    .ARM.Collect$$rtexit$$00000004  c_w.l(rtexit2.o)
    0x08000226   0x08000226   0x00000002   PAD
    0x08000228   0x08000228   0x00000040   Code   RO            4    .text               startup_stm32f302xc.o
    0x08000268   0x08000268   0x00000078   Code   RO         1369    .text               arm_cortexM4lf_math.lib(arm_cos_f32.o)
    0x080002e0   0x080002e0   0x00000094   Code   RO         1419    .text               arm_cortexM4lf_math.lib(arm_sin_f32.o)
    0x08000374   0x08000374   0x0000004e   Code   RO         1524    .text               c_w.l(rt_memclr_w.o)
    0x080003c2   0x080003c2   0x00000006   Code   RO         1526    .text               c_w.l(heapauxi.o)
    0x080003c8   0x080003c8   0x00000016   Code   RO         1571    .text               c_w.l(_rserrno.o)
    0x080003de   0x080003de   0x00000002   PAD
    0x080003e0   0x080003e0   0x00000008   Code   RO         1612    .text               c_w.l(rt_errno_addr_intlibspace.o)
    0x080003e8   0x080003e8   0x00000030   Code   RO         1614    .text               c_w.l(_fptrap.o)
    0x08000418   0x08000418   0x00000008   Code   RO         1618    .text               c_w.l(libspace.o)
    0x08000420   0x08000420   0x0000004a   Code   RO         1621    .text               c_w.l(sys_stackheap_outer.o)
    0x0800046a   0x0800046a   0x00000012   Code   RO         1623    .text               c_w.l(exit.o)
    0x0800047c   0x0800047c   0x0000000e   Code   RO         1625    .text               c_w.l(defsig_fpe_outer.o)
    0x0800048a   0x0800048a   0x0000000a   Code   RO         1639    .text               c_w.l(defsig_exit.o)
    0x08000494   0x08000494   0x000000ac   Code   RO         1641    .text               c_w.l(defsig_fpe_inner.o)
    0x08000540   0x08000540   0x0000000c   Code   RO         1688    .text               c_w.l(sys_exit.o)
    0x0800054c   0x0800054c   0x00000032   Code   RO         1699    .text               c_w.l(defsig_general.o)
    0x0800057e   0x0800057e   0x0000000e   Code   RO         1705    .text               c_w.l(sys_wrch.o)
    0x0800058c   0x0800058c   0x00000002   Code   RO         1707    .text               c_w.l(use_no_semi.o)
    0x0800058e   0x0800058e   0x00000000   Code   RO         1709    .text               c_w.l(indicate_semi.o)
    0x0800058e   0x0800058e   0x00000002   PAD
    0x08000590   0x08000590   0x00001524   Code   RO           13    i.Data_Init         main.o
    0x08001ab4   0x08001ab4   0x00000060   Code   RO          726    i.LL_ADC_CommonInit  stm32f3xx_ll_adc.o
    0x08001b14   0x08001b14   0x0000002e   Code   RO          732    i.LL_ADC_Init       stm32f3xx_ll_adc.o
    0x08001b42   0x08001b42   0x0000000a   Code   RO          733    i.LL_ADC_IsEnabled  stm32f3xx_ll_adc.o
    0x08001b4c   0x08001b4c   0x0000006c   Code   RO          734    i.LL_ADC_REG_Init   stm32f3xx_ll_adc.o
    0x08001bb8   0x08001bb8   0x00000038   Code   RO           15    i.LL_ADC_REG_SetSequencerRanks  main.o
    0x08001bf0   0x08001bf0   0x00000052   Code   RO           16    i.LL_ADC_SetChannelSamplingTime  main.o
    0x08001c42   0x08001c42   0x00000002   PAD
    0x08001c44   0x08001c44   0x00000028   Code   RO           17    i.LL_ADC_SetChannelSingleDiff  main.o
    0x08001c6c   0x08001c6c   0x0000001c   Code   RO           18    i.LL_AHB1_GRP1_EnableClock  main.o
    0x08001c88   0x08001c88   0x0000001c   Code   RO           19    i.LL_APB1_GRP1_EnableClock  main.o
    0x08001ca4   0x08001ca4   0x0000001c   Code   RO           20    i.LL_APB2_GRP1_EnableClock  main.o
    0x08001cc0   0x08001cc0   0x0000003c   Code   RO         1004    i.LL_COMP_Init      stm32f3xx_ll_comp.o
    0x08001cfc   0x08001cfc   0x0000007e   Code   RO         1043    i.LL_DAC_Init       stm32f3xx_ll_dac.o
    0x08001d7a   0x08001d7a   0x00000002   PAD
    0x08001d7c   0x08001d7c   0x00000034   Code   RO           21    i.LL_DMA_ConfigAddresses  main.o
    0x08001db0   0x08001db0   0x0000001c   Code   RO           22    i.LL_DMA_EnableChannel  main.o
    0x08001dcc   0x08001dcc   0x00000020   Code   RO           23    i.LL_DMA_SetChannelPriorityLevel  main.o
    0x08001dec   0x08001dec   0x00000024   Code   RO           24    i.LL_DMA_SetDataLength  main.o
    0x08001e10   0x08001e10   0x00000020   Code   RO           25    i.LL_DMA_SetMemoryIncMode  main.o
    0x08001e30   0x08001e30   0x00000020   Code   RO           26    i.LL_DMA_SetMemorySize  main.o
    0x08001e50   0x08001e50   0x00000020   Code   RO           27    i.LL_DMA_SetMode    main.o
    0x08001e70   0x08001e70   0x00000020   Code   RO           28    i.LL_DMA_SetPeriphIncMode  main.o
    0x08001e90   0x08001e90   0x00000020   Code   RO           29    i.LL_DMA_SetPeriphSize  main.o
    0x08001eb0   0x08001eb0   0x00000136   Code   RO          676    i.LL_GPIO_Init      stm32f3xx_ll_gpio.o
    0x08001fe6   0x08001fe6   0x00000012   Code   RO          313    i.LL_GPIO_IsInputPinSet  stm32f3xx_it.o
    0x08001ff8   0x08001ff8   0x00000004   Code   RO           30    i.LL_GPIO_ResetOutputPin  main.o
    0x08001ffc   0x08001ffc   0x0000001c   Code   RO          447    i.LL_Init1msTick    stm32f3xx_ll_utils.o
    0x08002018   0x08002018   0x000000d4   Code   RO          872    i.LL_RCC_GetUARTClockFreq  stm32f3xx_ll_rcc.o
    0x080020ec   0x080020ec   0x00000014   Code   RO          873    i.LL_RCC_GetUARTClockSource  stm32f3xx_ll_rcc.o
    0x08002100   0x08002100   0x0000011c   Code   RO          874    i.LL_RCC_GetUSARTClockFreq  stm32f3xx_ll_rcc.o
    0x0800221c   0x0800221c   0x00000018   Code   RO          875    i.LL_RCC_GetUSARTClockSource  stm32f3xx_ll_rcc.o
    0x08002234   0x08002234   0x00000010   Code   RO          877    i.LL_RCC_HSI_IsReady  stm32f3xx_ll_rcc.o
    0x08002244   0x08002244   0x00000010   Code   RO          878    i.LL_RCC_LSE_IsReady  stm32f3xx_ll_rcc.o
    0x08002254   0x08002254   0x0000000c   Code   RO          455    i.LL_SetSystemCoreClock  stm32f3xx_ll_utils.o
    0x08002260   0x08002260   0x0000008c   Code   RO         1092    i.LL_TIM_BDTR_Init  stm32f3xx_ll_tim.o
    0x080022ec   0x080022ec   0x00000008   Code   RO           31    i.LL_TIM_CC_EnableChannel  main.o
    0x080022f4   0x080022f4   0x0000000a   Code   RO           32    i.LL_TIM_EnableARRPreload  main.o
    0x080022fe   0x080022fe   0x0000000a   Code   RO           33    i.LL_TIM_EnableCounter  main.o
    0x08002308   0x08002308   0x0000000a   Code   RO           34    i.LL_TIM_EnableIT_UPDATE  main.o
    0x08002312   0x08002312   0x00000002   PAD
    0x08002314   0x08002314   0x000000b4   Code   RO         1101    i.LL_TIM_Init       stm32f3xx_ll_tim.o
    0x080023c8   0x080023c8   0x00000074   Code   RO           35    i.LL_TIM_OC_DisableFast  main.o
    0x0800243c   0x0800243c   0x00000074   Code   RO           36    i.LL_TIM_OC_EnablePreload  main.o
    0x080024b0   0x080024b0   0x00000084   Code   RO         1102    i.LL_TIM_OC_Init    stm32f3xx_ll_tim.o
    0x08002534   0x08002534   0x00000004   Code   RO          314    i.LL_TIM_OC_SetCompareCH2  stm32f3xx_it.o
    0x08002538   0x08002538   0x00000004   Code   RO         1103    i.LL_TIM_OC_SetCompareCH2  stm32f3xx_ll_tim.o
    0x0800253c   0x0800253c   0x00000004   Code   RO          315    i.LL_TIM_OC_SetCompareCH3  stm32f3xx_it.o
    0x08002540   0x08002540   0x00000010   Code   RO           37    i.LL_TIM_SetClockSource  main.o
    0x08002550   0x08002550   0x00000108   Code   RO         1268    i.LL_USART_Init     stm32f3xx_ll_usart.o
    0x08002658   0x08002658   0x0000000a   Code   RO         1269    i.LL_USART_IsEnabled  stm32f3xx_ll_usart.o
    0x08002662   0x08002662   0x00000002   PAD
    0x08002664   0x08002664   0x000002c8   Code   RO           38    i.MX_ADC1_Init      main.o
    0x0800292c   0x0800292c   0x00000070   Code   RO           39    i.MX_COMP2_Init     main.o
    0x0800299c   0x0800299c   0x00000074   Code   RO           40    i.MX_DAC_Init       main.o
    0x08002a10   0x08002a10   0x00000160   Code   RO           41    i.MX_DMA_Init       main.o
    0x08002b70   0x08002b70   0x000000b0   Code   RO           42    i.MX_GPIO_Init      main.o
    0x08002c20   0x08002c20   0x000001f8   Code   RO           43    i.MX_TIM1_Init      main.o
    0x08002e18   0x08002e18   0x000000a0   Code   RO           44    i.MX_TIM2_Init      main.o
    0x08002eb8   0x08002eb8   0x000000c4   Code   RO           45    i.MX_USART2_UART_Init  main.o
    0x08002f7c   0x08002f7c   0x00000040   Code   RO           46    i.NVIC_EncodePriority  main.o
    0x08002fbc   0x08002fbc   0x0000009c   Code   RO         1106    i.OC1Config         stm32f3xx_ll_tim.o
    0x08003058   0x08003058   0x000000a4   Code   RO         1107    i.OC2Config         stm32f3xx_ll_tim.o
    0x080030fc   0x080030fc   0x0000009c   Code   RO         1108    i.OC3Config         stm32f3xx_ll_tim.o
    0x08003198   0x08003198   0x0000007c   Code   RO         1109    i.OC4Config         stm32f3xx_ll_tim.o
    0x08003214   0x08003214   0x0000007c   Code   RO         1110    i.OC5Config         stm32f3xx_ll_tim.o
    0x08003290   0x08003290   0x00000078   Code   RO         1111    i.OC6Config         stm32f3xx_ll_tim.o
    0x08003308   0x08003308   0x00000020   Code   RO          880    i.RCC_GetHCLKClockFreq  stm32f3xx_ll_rcc.o
    0x08003328   0x08003328   0x00000024   Code   RO          881    i.RCC_GetPCLK1ClockFreq  stm32f3xx_ll_rcc.o
    0x0800334c   0x0800334c   0x00000024   Code   RO          882    i.RCC_GetPCLK2ClockFreq  stm32f3xx_ll_rcc.o
    0x08003370   0x08003370   0x0000003c   Code   RO          883    i.RCC_GetSystemClockFreq  stm32f3xx_ll_rcc.o
    0x080033ac   0x080033ac   0x00000068   Code   RO          884    i.RCC_PLL_GetFreqDomain_SYS  stm32f3xx_ll_rcc.o
    0x08003414   0x08003414   0x0000014c   Code   RO           47    i.SystemClock_Config  main.o
    0x08003560   0x08003560   0x00000014   Code   RO         1333    i.SystemInit        system_stm32f3xx.o
    0x08003574   0x08003574   0x00002048   Code   RO          316    i.TIM2_IRQHandler   stm32f3xx_it.o
    0x080055bc   0x080055bc   0x00000010   Code   RO          317    i.USART2_IRQHandler  stm32f3xx_it.o
    0x080055cc   0x080055cc   0x0000001a   Code   RO           48    i.__NVIC_EnableIRQ  main.o
    0x080055e6   0x080055e6   0x00000002   PAD
    0x080055e8   0x080055e8   0x00000010   Code   RO           49    i.__NVIC_GetPriorityGrouping  main.o
    0x080055f8   0x080055f8   0x00000028   Code   RO           50    i.__NVIC_SetPriority  main.o
    0x08005620   0x08005620   0x0000003a   Code   RO         1558    i.__hardfp_sqrtf    m_wm.l(sqrtf_full.o)
    0x0800565a   0x0800565a   0x00000002   PAD
    0x0800565c   0x0800565c   0x00000088   Code   RO           51    i.main              main.o
    0x080056e4   0x080056e4   0x00000018   Code   RO         1530    x$fpl$basic         g_wm.l(basic.o)
    0x080056fc   0x080056fc   0x000002c4   Code   RO         1532    x$fpl$d2f           g_wm.l(d2f_clz.o)
    0x080059c0   0x080059c0   0x0000024c   Code   RO         1534    x$fpl$dadd          g_wm.l(daddsub_clz.o)
    0x08005c0c   0x08005c0c   0x00000018   Code   RO         1573    x$fpl$dcmpinf       g_wm.l(dcmpi.o)
    0x08005c24   0x08005c24   0x0000037c   Code   RO         1541    x$fpl$ddiv          g_wm.l(ddiv_clz.o)
    0x08005fa0   0x08005fa0   0x0000001a   Code   RO         1546    x$fpl$dfltn         g_wm.l(dflt_clz.o)
    0x08005fba   0x08005fba   0x00000026   Code   RO         1544    x$fpl$dfltu         g_wm.l(dflt_clz.o)
    0x08005fe0   0x08005fe0   0x00000078   Code   RO         1550    x$fpl$dleqf         g_wm.l(dleqf.o)
    0x08006058   0x08006058   0x000001c0   Code   RO         1552    x$fpl$dmul          g_wm.l(dmul_clz.o)
    0x08006218   0x08006218   0x00000102   Code   RO         1575    x$fpl$dnaninf       g_wm.l(dnaninf.o)
    0x0800631a   0x0800631a   0x00000070   Code   RO         1577    x$fpl$drenorm       g_wm.l(drenorm_clz.o)
    0x0800638a   0x0800638a   0x0000000c   Code   RO         1579    x$fpl$dretinf       g_wm.l(dretinf.o)
    0x08006396   0x08006396   0x00000062   Code   RO         1554    x$fpl$drleqf        g_wm.l(drleqf.o)
    0x080063f8   0x080063f8   0x0000029c   Code   RO         1536    x$fpl$dsub          g_wm.l(daddsub_clz.o)
    0x08006694   0x08006694   0x0000017a   Code   RO         1581    x$fpl$dunder        g_wm.l(dunder_clz.o)
    0x0800680e   0x0800680e   0x00000002   PAD
    0x08006810   0x08006810   0x000001ec   Code   RO         1583    x$fpl$exception     g_wm.l(except.o)
    0x080069fc   0x080069fc   0x0000007a   Code   RO         1556    x$fpl$f2d           g_wm.l(f2d.o)
    0x08006a76   0x08006a76   0x000000f2   Code   RO         1585    x$fpl$fnaninf       g_wm.l(fnaninf.o)
    0x08006b68   0x08006b68   0x0000000a   Code   RO         1703    x$fpl$fpinit        g_wm.l(fpinit.o)
    0x08006b72   0x08006b72   0x0000000a   Code   RO         1587    x$fpl$fretinf       g_wm.l(fretinf.o)
    0x08006b7c   0x08006b7c   0x0000013c   Code   RO         1589    x$fpl$funder        g_wm.l(funder_clz.o)
    0x08006cb8   0x08006cb8   0x000000b2   Code   RO         1616    x$fpl$retnan        g_wm.l(retnan.o)
    0x08006d6a   0x08006d6a   0x0000007e   Code   RO         1591    x$fpl$trapveneer    g_wm.l(trapv.o)
    0x08006de8   0x08006de8   0x00000000   Code   RO         1593    x$fpl$usenofp       g_wm.l(usenofp.o)
    0x08006de8   0x08006de8   0x00000034   Data   RO           53    .constdata          main.o
    0x08006e1c   0x08006e1c   0x00000018   Data   RO         1334    .constdata          system_stm32f3xx.o
    0x08006e34   0x08006e34   0x00000804   Data   RO         1499    .constdata          arm_cortexM4lf_math.lib(arm_common_tables.o)
    0x08007638   0x08007638   0x00000020   Data   RO         1761    Region$$Table       anon$$obj.o


    Execution Region RW_IRAM1 (Exec base: 0x20000000, Load base: 0x08007658, Size: 0x00000b00, Max: 0x00006000, ABSOLUTE)

    Exec Addr    Load Addr    Size         Type   Attr      Idx    E Section Name        Object

    0x20000000   0x08007658   0x00000084   Data   RW           54    .data               main.o
    0x20000084   0x080076dc   0x00000004   PAD
    0x20000088   0x080076e0   0x00000078   Data   RW          320    .data               stm32f3xx_it.o
    0x20000100   0x08007758   0x00000004   Data   RW         1335    .data               system_stm32f3xx.o
    0x20000104        -       0x000000d2   Zero   RW           52    .bss                main.o
    0x200001d6   0x0800775c   0x00000002   PAD
    0x200001d8        -       0x000002c8   Zero   RW          318    .bss                stm32f3xx_it.o
    0x200004a0        -       0x00000060   Zero   RW         1619    .bss                c_w.l(libspace.o)
    0x20000500        -       0x00000200   Zero   RW            2    HEAP                startup_stm32f302xc.o
    0x20000700        -       0x00000400   Zero   RW            1    STACK               startup_stm32f302xc.o


==============================================================================

Image component sizes


      Code (inc. data)   RO Data    RW Data    ZI Data      Debug   Object Name

      9214        572         52        132        210     654355   main.o
        64         26        392          0       1536        912   startup_stm32f302xc.o
      8306        788          0        120        712      78564   stm32f3xx_it.o
       260         14          0          0          0      63496   stm32f3xx_ll_adc.o
        60          4          0          0          0      12611   stm32f3xx_ll_comp.o
       126          0          0          0          0      11434   stm32f3xx_ll_dac.o
       310          0          0          0          0       7415   stm32f3xx_ll_gpio.o
       840        100          0          0          0      24485   stm32f3xx_ll_rcc.o
      1300        162          0          0          0      45614   stm32f3xx_ll_tim.o
       274         22          0          0          0      22084   stm32f3xx_ll_usart.o
        40          6          0          0          0     435501   stm32f3xx_ll_utils.o
        20          6         24          4          0       1331   system_stm32f3xx.o

    ----------------------------------------------------------------------
     20824       1700        500        260       2460    1357802   Object Totals
         0          0         32          0          0          0   (incl. Generated)
        10          0          0          4          2          0   (incl. Padding)

    ----------------------------------------------------------------------

      Code (inc. data)   RO Data    RW Data    ZI Data      Debug   Library Member Name

         0          0       2052          0          0       4704   arm_common_tables.o
       120         12          0          0          0      17170   arm_cos_f32.o
       148         18          0          0          0        814   arm_sin_f32.o
         8          0          0          0          0         68   __main.o
         0          0          0          0          0          0   __rtentry.o
        12          0          0          0          0          0   __rtentry2.o
         6          0          0          0          0          0   __rtentry4.o
        52          8          0          0          0          0   __scatter.o
        26          0          0          0          0          0   __scatter_copy.o
        28          0          0          0          0          0   __scatter_zi.o
        48          4          0          0          0         84   _fptrap.o
        22          0          0          0          0        100   _rserrno.o
        10          0          0          0          0         68   defsig_exit.o
       172        110          0          0          0         76   defsig_fpe_inner.o
        14          0          0          0          0         80   defsig_fpe_outer.o
        50          0          0          0          0         88   defsig_general.o
        18          0          0          0          0         80   exit.o
         6          0          0          0          0        152   heapauxi.o
         0          0          0          0          0          0   indicate_semi.o
         2          0          0          0          0          0   libinit.o
         6          0          0          0          0          0   libinit2.o
         2          0          0          0          0          0   libshutdown.o
         2          0          0          0          0          0   libshutdown2.o
         8          4          0          0         96         68   libspace.o
         8          4          0          0          0         68   rt_errno_addr_intlibspace.o
        78          0          0          0          0         80   rt_memclr_w.o
         2          0          0          0          0          0   rtexit.o
        10          0          0          0          0          0   rtexit2.o
        12          4          0          0          0         68   sys_exit.o
        74          0          0          0          0         80   sys_stackheap_outer.o
        14          0          0          0          0         76   sys_wrch.o
         2          0          0          0          0         68   use_no_semi.o
        24          0          0          0          0        164   basic.o
       708         16          0          0          0        140   d2f_clz.o
      1256         28          0          0          0        408   daddsub_clz.o
        24          0          0          0          0        116   dcmpi.o
       892        152          0          0          0        292   ddiv_clz.o
        64          0          0          0          0        232   dflt_clz.o
       120          8          0          0          0        140   dleqf.o
       448         16          0          0          0        164   dmul_clz.o
       258          4          0          0          0        156   dnaninf.o
       112          0          0          0          0        160   drenorm_clz.o
        12          0          0          0          0        116   dretinf.o
        98          0          0          0          0        128   drleqf.o
       378          0          0          0          0        168   dunder_clz.o
       492         36          0          0          0        148   except.o
       122          8          0          0          0        132   f2d.o
       242          4          0          0          0        144   fnaninf.o
        10          0          0          0          0        116   fpinit.o
        10          0          0          0          0        116   fretinf.o
       316          0          0          0          0        132   funder_clz.o
       178          0          0          0          0        116   retnan.o
       126          0          0          0          0        148   trapv.o
         0          0          0          0          0          0   usenofp.o
        58          0          0          0          0        136   sqrtf_full.o

    ----------------------------------------------------------------------
      6920        436       2052          0         96      27564   Library Totals
        12          0          0          0          0          0   (incl. Padding)

    ----------------------------------------------------------------------

      Code (inc. data)   RO Data    RW Data    ZI Data      Debug   Library Name

       268         30       2052          0          0      22688   arm_cortexM4lf_math.lib
       692        134          0          0         96       1304   c_w.l
      5890        272          0          0          0       3436   g_wm.l
        58          0          0          0          0        136   m_wm.l

    ----------------------------------------------------------------------
      6920        436       2052          0         96      27564   Library Totals

    ----------------------------------------------------------------------

==============================================================================


      Code (inc. data)   RO Data    RW Data    ZI Data      Debug   

     27744       2136       2552        260       2556    1375142   Grand Totals
     27744       2136       2552        260       2556    1375142   ELF Image Totals
     27744       2136       2552        260          0          0   ROM Totals

==============================================================================

    Total RO  Size (Code + RO Data)                30296 (  29.59kB)
    Total RW  Size (RW Data + ZI Data)              2816 (   2.75kB)
    Total ROM Size (Code + RO Data + RW Data)      30556 (  29.84kB)

==============================================================================

